Component: ARM Compiler 5.06 update 7 (build 960) Tool: armlink [4d3601]

==============================================================================

Section Cross References

    startup_stm32f10x_md.o(STACK) refers (Special) to heapauxi.o(.text) for __use_two_region_memory
    startup_stm32f10x_md.o(HEAP) refers (Special) to heapauxi.o(.text) for __use_two_region_memory
    startup_stm32f10x_md.o(RESET) refers (Special) to heapauxi.o(.text) for __use_two_region_memory
    startup_stm32f10x_md.o(RESET) refers to startup_stm32f10x_md.o(STACK) for __initial_sp
    startup_stm32f10x_md.o(RESET) refers to startup_stm32f10x_md.o(.text) for Reset_Handler
    startup_stm32f10x_md.o(RESET) refers to stm32f10x_it.o(i.NMI_Handler) for NMI_Handler
    startup_stm32f10x_md.o(RESET) refers to stm32f10x_it.o(i.HardFault_Handler) for HardFault_Handler
    startup_stm32f10x_md.o(RESET) refers to stm32f10x_it.o(i.MemManage_Handler) for MemManage_Handler
    startup_stm32f10x_md.o(RESET) refers to stm32f10x_it.o(i.BusFault_Handler) for BusFault_Handler
    startup_stm32f10x_md.o(RESET) refers to stm32f10x_it.o(i.UsageFault_Handler) for UsageFault_Handler
    startup_stm32f10x_md.o(RESET) refers to stm32f10x_it.o(i.SVC_Handler) for SVC_Handler
    startup_stm32f10x_md.o(RESET) refers to stm32f10x_it.o(i.DebugMon_Handler) for DebugMon_Handler
    startup_stm32f10x_md.o(RESET) refers to stm32f10x_it.o(i.PendSV_Handler) for PendSV_Handler
    startup_stm32f10x_md.o(RESET) refers to stm32f10x_it.o(i.SysTick_Handler) for SysTick_Handler
    startup_stm32f10x_md.o(RESET) refers to infrared.o(i.EXTI3_IRQHandler) for EXTI3_IRQHandler
    startup_stm32f10x_md.o(RESET) refers to ws2812b.o(i.DMA1_Channel1_IRQHandler) for DMA1_Channel1_IRQHandler
    startup_stm32f10x_md.o(RESET) refers to ws2812b.o(i.DMA1_Channel2_IRQHandler) for DMA1_Channel2_IRQHandler
    startup_stm32f10x_md.o(RESET) refers to ws2812b.o(i.DMA1_Channel3_IRQHandler) for DMA1_Channel3_IRQHandler
    startup_stm32f10x_md.o(RESET) refers to ws2812b.o(i.DMA1_Channel5_IRQHandler) for DMA1_Channel5_IRQHandler
    startup_stm32f10x_md.o(RESET) refers to ws2812b.o(i.DMA1_Channel6_IRQHandler) for DMA1_Channel6_IRQHandler
    startup_stm32f10x_md.o(RESET) refers to ws2812b.o(i.DMA1_Channel7_IRQHandler) for DMA1_Channel7_IRQHandler
    startup_stm32f10x_md.o(RESET) refers to timer.o(i.TIM4_IRQHandler) for TIM4_IRQHandler
    startup_stm32f10x_md.o(.text) refers (Special) to heapauxi.o(.text) for __use_two_region_memory
    startup_stm32f10x_md.o(.text) refers to system_stm32f10x.o(i.SystemInit) for SystemInit
    startup_stm32f10x_md.o(.text) refers to __main.o(!!!main) for __main
    startup_stm32f10x_md.o(.text) refers to startup_stm32f10x_md.o(HEAP) for Heap_Mem
    startup_stm32f10x_md.o(.text) refers to startup_stm32f10x_md.o(STACK) for Stack_Mem
    system_stm32f10x.o(i.SetSysClock) refers to system_stm32f10x.o(i.SetSysClockTo72) for SetSysClockTo72
    system_stm32f10x.o(i.SystemCoreClockUpdate) refers to system_stm32f10x.o(.data) for SystemCoreClock
    system_stm32f10x.o(i.SystemInit) refers to system_stm32f10x.o(i.SetSysClock) for SetSysClock
    stm32f10x_adc.o(i.ADC_DeInit) refers to stm32f10x_rcc.o(i.RCC_APB2PeriphResetCmd) for RCC_APB2PeriphResetCmd
    stm32f10x_bkp.o(i.BKP_DeInit) refers to stm32f10x_rcc.o(i.RCC_BackupResetCmd) for RCC_BackupResetCmd
    stm32f10x_can.o(i.CAN_DeInit) refers to stm32f10x_rcc.o(i.RCC_APB1PeriphResetCmd) for RCC_APB1PeriphResetCmd
    stm32f10x_can.o(i.CAN_GetITStatus) refers to stm32f10x_can.o(i.CheckITStatus) for CheckITStatus
    stm32f10x_cec.o(i.CEC_DeInit) refers to stm32f10x_rcc.o(i.RCC_APB1PeriphResetCmd) for RCC_APB1PeriphResetCmd
    stm32f10x_dac.o(i.DAC_DeInit) refers to stm32f10x_rcc.o(i.RCC_APB1PeriphResetCmd) for RCC_APB1PeriphResetCmd
    stm32f10x_flash.o(i.FLASH_EnableWriteProtection) refers to stm32f10x_flash.o(i.FLASH_WaitForLastOperation) for FLASH_WaitForLastOperation
    stm32f10x_flash.o(i.FLASH_EraseAllBank1Pages) refers to stm32f10x_flash.o(i.FLASH_WaitForLastBank1Operation) for FLASH_WaitForLastBank1Operation
    stm32f10x_flash.o(i.FLASH_EraseAllPages) refers to stm32f10x_flash.o(i.FLASH_WaitForLastOperation) for FLASH_WaitForLastOperation
    stm32f10x_flash.o(i.FLASH_EraseOptionBytes) refers to stm32f10x_flash.o(i.FLASH_GetReadOutProtectionStatus) for FLASH_GetReadOutProtectionStatus
    stm32f10x_flash.o(i.FLASH_EraseOptionBytes) refers to stm32f10x_flash.o(i.FLASH_WaitForLastOperation) for FLASH_WaitForLastOperation
    stm32f10x_flash.o(i.FLASH_ErasePage) refers to stm32f10x_flash.o(i.FLASH_WaitForLastOperation) for FLASH_WaitForLastOperation
    stm32f10x_flash.o(i.FLASH_ProgramHalfWord) refers to stm32f10x_flash.o(i.FLASH_WaitForLastOperation) for FLASH_WaitForLastOperation
    stm32f10x_flash.o(i.FLASH_ProgramOptionByteData) refers to stm32f10x_flash.o(i.FLASH_WaitForLastOperation) for FLASH_WaitForLastOperation
[...]
    Removing stm32f10x_tim.o(i.TIM_ClearOC1Ref), (18 bytes).
    Removing stm32f10x_tim.o(i.TIM_ClearOC2Ref), (24 bytes).
    Removing stm32f10x_tim.o(i.TIM_ClearOC3Ref), (18 bytes).
    Removing stm32f10x_tim.o(i.TIM_ClearOC4Ref), (24 bytes).
    Removing stm32f10x_tim.o(i.TIM_CounterModeConfig), (18 bytes).
    Removing stm32f10x_tim.o(i.TIM_DMAConfig), (10 bytes).
    Removing stm32f10x_tim.o(i.TIM_DeInit), (488 bytes).
    Removing stm32f10x_tim.o(i.TIM_ETRClockMode1Config), (54 bytes).
    Removing stm32f10x_tim.o(i.TIM_ETRClockMode2Config), (32 bytes).
    Removing stm32f10x_tim.o(i.TIM_ETRConfig), (28 bytes).
    Removing stm32f10x_tim.o(i.TIM_EncoderInterfaceConfig), (66 bytes).
    Removing stm32f10x_tim.o(i.TIM_ForcedOC1Config), (18 bytes).
    Removing stm32f10x_tim.o(i.TIM_ForcedOC2Config), (26 bytes).
    Removing stm32f10x_tim.o(i.TIM_ForcedOC3Config), (18 bytes).
    Removing stm32f10x_tim.o(i.TIM_ForcedOC4Config), (26 bytes).
    Removing stm32f10x_tim.o(i.TIM_GenerateEvent), (4 bytes).
    Removing stm32f10x_tim.o(i.TIM_GetCapture1), (6 bytes).
    Removing stm32f10x_tim.o(i.TIM_GetCapture2), (6 bytes).
    Removing stm32f10x_tim.o(i.TIM_GetCapture3), (6 bytes).
    Removing stm32f10x_tim.o(i.TIM_GetCapture4), (8 bytes).
    Removing stm32f10x_tim.o(i.TIM_GetFlagStatus), (18 bytes).
    Removing stm32f10x_tim.o(i.TIM_GetPrescaler), (6 bytes).
    Removing stm32f10x_tim.o(i.TIM_ICInit), (172 bytes).
    Removing stm32f10x_tim.o(i.TIM_ICStructInit), (18 bytes).
    Removing stm32f10x_tim.o(i.TIM_ITRxExternalClockConfig), (24 bytes).
    Removing stm32f10x_tim.o(i.TIM_OC1FastConfig), (18 bytes).
    Removing stm32f10x_tim.o(i.TIM_OC1NPolarityConfig), (18 bytes).
    Removing stm32f10x_tim.o(i.TIM_OC1PolarityConfig), (18 bytes).
    Removing stm32f10x_tim.o(i.TIM_OC2FastConfig), (26 bytes).
    Removing stm32f10x_tim.o(i.TIM_OC2NPolarityConfig), (26 bytes).
    Removing stm32f10x_tim.o(i.TIM_OC2PolarityConfig), (26 bytes).
    Removing stm32f10x_tim.o(i.TIM_OC3FastConfig), (18 bytes).
    Removing stm32f10x_tim.o(i.TIM_OC3NPolarityConfig), (26 bytes).
    Removing stm32f10x_tim.o(i.TIM_OC3PolarityConfig), (26 bytes).
    Removing stm32f10x_tim.o(i.TIM_OC4FastConfig), (26 bytes).
    Removing stm32f10x_tim.o(i.TIM_OC4PolarityConfig), (26 bytes).
    Removing stm32f10x_tim.o(i.TIM_PWMIConfig), (124 bytes).
    Removing stm32f10x_tim.o(i.TIM_PrescalerConfig), (6 bytes).
    Removing stm32f10x_tim.o(i.TIM_SelectCCDMA), (24 bytes).
    Removing stm32f10x_tim.o(i.TIM_SelectCOM), (24 bytes).
    Removing stm32f10x_tim.o(i.TIM_SelectHallSensor), (24 bytes).
    Removing stm32f10x_tim.o(i.TIM_SelectInputTrigger), (18 bytes).
    Removing stm32f10x_tim.o(i.TIM_SelectMasterSlaveMode), (18 bytes).
    Removing stm32f10x_tim.o(i.TIM_SelectOCxM), (82 bytes).
    Removing stm32f10x_tim.o(i.TIM_SelectOnePulseMode), (18 bytes).
    Removing stm32f10x_tim.o(i.TIM_SelectOutputTrigger), (18 bytes).
    Removing stm32f10x_tim.o(i.TIM_SelectSlaveMode), (18 bytes).
    Removing stm32f10x_tim.o(i.TIM_SetAutoreload), (4 bytes).
    Removing stm32f10x_tim.o(i.TIM_SetClockDivision), (18 bytes).
    Removing stm32f10x_tim.o(i.TIM_SetCompare1), (4 bytes).
    Removing stm32f10x_tim.o(i.TIM_SetCompare2), (4 bytes).
    Removing stm32f10x_tim.o(i.TIM_SetCompare3), (4 bytes).
    Removing stm32f10x_tim.o(i.TIM_SetCompare4), (6 bytes).
    Removing stm32f10x_tim.o(i.TIM_SetCounter), (4 bytes).
    Removing stm32f10x_tim.o(i.TIM_SetIC1Prescaler), (18 bytes).
    Removing stm32f10x_tim.o(i.TIM_SetIC2Prescaler), (26 bytes).
    Removing stm32f10x_tim.o(i.TIM_SetIC3Prescaler), (18 bytes).
    Removing stm32f10x_tim.o(i.TIM_SetIC4Prescaler), (26 bytes).
    Removing stm32f10x_tim.o(i.TIM_TIxExternalClockConfig), (62 bytes).
    Removing stm32f10x_tim.o(i.TIM_UpdateDisableConfig), (24 bytes).
    Removing stm32f10x_tim.o(i.TIM_UpdateRequestConfig), (24 bytes).
    Removing stm32f10x_usart.o(i.USART_ClearFlag), (18 bytes).
    Removing stm32f10x_usart.o(i.USART_ClearITPendingBit), (30 bytes).
    Removing stm32f10x_usart.o(i.USART_ClockInit), (34 bytes).
    Removing stm32f10x_usart.o(i.USART_ClockStructInit), (12 bytes).
    Removing stm32f10x_usart.o(i.USART_Cmd), (24 bytes).
    Removing stm32f10x_usart.o(i.USART_DMACmd), (18 bytes).
    Removing stm32f10x_usart.o(i.USART_DeInit), (156 bytes).
    Removing stm32f10x_usart.o(i.USART_GetFlagStatus), (26 bytes).
    Removing stm32f10x_usart.o(i.USART_GetITStatus), (84 bytes).
    Removing stm32f10x_usart.o(i.USART_HalfDuplexCmd), (24 bytes).
    Removing stm32f10x_usart.o(i.USART_ITConfig), (74 bytes).
    Removing stm32f10x_usart.o(i.USART_Init), (216 bytes).
    Removing stm32f10x_usart.o(i.USART_IrDACmd), (24 bytes).
    Removing stm32f10x_usart.o(i.USART_IrDAConfig), (18 bytes).
    Removing stm32f10x_usart.o(i.USART_LINBreakDetectLengthConfig), (18 bytes).
    Removing stm32f10x_usart.o(i.USART_LINCmd), (24 bytes).
    Removing stm32f10x_usart.o(i.USART_OneBitMethodCmd), (24 bytes).
    Removing stm32f10x_usart.o(i.USART_OverSampling8Cmd), (22 bytes).
    Removing stm32f10x_usart.o(i.USART_ReceiveData), (10 bytes).
    Removing stm32f10x_usart.o(i.USART_ReceiverWakeUpCmd), (24 bytes).
    Removing stm32f10x_usart.o(i.USART_SendBreak), (10 bytes).
    Removing stm32f10x_usart.o(i.USART_SendData), (8 bytes).
    Removing stm32f10x_usart.o(i.USART_SetAddress), (18 bytes).
    Removing stm32f10x_usart.o(i.USART_SetGuardTime), (16 bytes).
    Removing stm32f10x_usart.o(i.USART_SetPrescaler), (16 bytes).
    Removing stm32f10x_usart.o(i.USART_SmartCardCmd), (24 bytes).
    Removing stm32f10x_usart.o(i.USART_SmartCardNACKCmd), (24 bytes).
    Removing stm32f10x_usart.o(i.USART_StructInit), (24 bytes).
    Removing stm32f10x_usart.o(i.USART_WakeUpConfig), (18 bytes).
    Removing stm32f10x_wwdg.o(i.WWDG_ClearFlag), (12 bytes).
    Removing stm32f10x_wwdg.o(i.WWDG_DeInit), (22 bytes).
    Removing stm32f10x_wwdg.o(i.WWDG_Enable), (16 bytes).
    Removing stm32f10x_wwdg.o(i.WWDG_EnableIT), (12 bytes).
    Removing stm32f10x_wwdg.o(i.WWDG_GetFlagStatus), (12 bytes).
    Removing stm32f10x_wwdg.o(i.WWDG_SetCounter), (16 bytes).
    Removing stm32f10x_wwdg.o(i.WWDG_SetPrescaler), (24 bytes).
    Removing stm32f10x_wwdg.o(i.WWDG_SetWindowValue), (40 bytes).
    Removing delay.o(i.Delay_s), (24 bytes).
    Removing bitmap.o(i.HSV2RGB), (212 bytes).
    Removing ws2812b.o(i.SrcFilterHSV), (74 bytes).
    Removing ws2812b.o(i.ws2812b_H3_SendHSV), (24 bytes).
    Removing ws2812b.o(i.ws2812b_H4_SendHSV), (24 bytes).
    Removing ws2812b.o(i.ws2812b_H6_SendHSV), (24 bytes).
    Removing ws2812b.o(i.ws2812b_H7_SendHSV), (24 bytes).
    Removing ws2812b.o(i.ws2812b_H8_SendHSV), (24 bytes).
    Removing ws2812b.o(i.ws2812b_SW1_SendHSV), (24 bytes).
    Removing infrared.o(i.IR_GetAddress), (12 bytes).
    Removing infrared.o(i.IR_GetAntiAddress), (12 bytes).
    Removing infrared.o(i.IR_GetAntiCommand), (12 bytes).
    Removing infrared.o(i.IR_GetCommand), (12 bytes).
    Removing infrared.o(i.IR_GetDataFlag), (24 bytes).
    Removing infrared.o(i.IR_GetRepeatFlag), (24 bytes).

451 unused section(s) (total 17890 bytes) removed from the image.

==============================================================================

Image Symbol Table

    Local Symbols

    Symbol Name                              Value     Ov Type        Size  Object(Section)

    ../clib/angel/boardlib.s                 0x00000000   Number         0  boardinit1.o ABSOLUTE
    ../clib/angel/boardlib.s                 0x00000000   Number         0  boardinit3.o ABSOLUTE
    ../clib/angel/boardlib.s                 0x00000000   Number         0  boardshut.o ABSOLUTE
    ../clib/angel/boardlib.s                 0x00000000   Number         0  boardinit2.o ABSOLUTE
    ../clib/angel/handlers.s                 0x00000000   Number         0  __scatter_copy.o ABSOLUTE
    ../clib/angel/handlers.s                 0x00000000   Number         0  __scatter_zi.o ABSOLUTE
    ../clib/angel/kernel.s                   0x00000000   Number         0  __rtentry2.o ABSOLUTE
    ../clib/angel/kernel.s                   0x00000000   Number         0  rtexit2.o ABSOLUTE
    ../clib/angel/kernel.s                   0x00000000   Number         0  __rtentry.o ABSOLUTE
    ../clib/angel/kernel.s                   0x00000000   Number         0  rtexit.o ABSOLUTE
    ../clib/angel/kernel.s                   0x00000000   Number         0  __rtentry4.o ABSOLUTE
    ../clib/angel/rt.s                       0x00000000   Number         0  rt_raise.o ABSOLUTE
    ../clib/angel/scatter.s                  0x00000000   Number         0  __scatter.o ABSOLUTE
    ../clib/angel/startup.s                  0x00000000   Number         0  __main.o ABSOLUTE
    ../clib/angel/sys.s                      0x00000000   Number         0  sys_stackheap_outer.o ABSOLUTE
    ../clib/angel/sys.s                      0x00000000   Number         0  libspace.o ABSOLUTE
    ../clib/angel/sys.s                      0x00000000   Number         0  indicate_semi.o ABSOLUTE
    ../clib/angel/sys.s                      0x00000000   Number         0  use_no_semi.o ABSOLUTE
    ../clib/angel/sysapp.c                   0x00000000   Number         0  sys_command.o ABSOLUTE
    ../clib/angel/sysapp.c                   0x00000000   Number         0  sys_exit.o ABSOLUTE
    ../clib/angel/sysapp.c                   0x00000000   Number         0  sys_wrch.o ABSOLUTE
    ../clib/armsys.c                         0x00000000   Number         0  no_argv.o ABSOLUTE
    ../clib/armsys.c                         0x00000000   Number         0  _get_argv_nomalloc.o ABSOLUTE
    ../clib/armsys.c                         0x00000000   Number         0  argv_veneer.o ABSOLUTE
    ../clib/armsys.c                         0x00000000   Number         0  argv_veneer.o ABSOLUTE
    ../clib/heapalloc.c                      0x00000000   Number         0  hrguard.o ABSOLUTE
    ../clib/heapaux.c                        0x00000000   Number         0  heapauxi.o ABSOLUTE
    ../clib/libinit.s                        0x00000000   Number         0  libinit.o ABSOLUTE
    ../clib/libinit.s                        0x00000000   Number         0  libinit2.o ABSOLUTE
    ../clib/libinit.s                        0x00000000   Number         0  libshutdown.o ABSOLUTE
    ../clib/libinit.s                        0x00000000   Number         0  libshutdown2.o ABSOLUTE
    ../clib/memcpset.s                       0x00000000   Number         0  rt_memclr_w.o ABSOLUTE
    ../clib/memcpset.s                       0x00000000   Number         0  rt_memclr.o ABSOLUTE
    ../clib/signal.c                         0x00000000   Number         0  defsig_rtred_inner.o ABSOLUTE
    ../clib/signal.c                         0x00000000   Number         0  defsig_fpe_inner.o ABSOLUTE
    ../clib/signal.c                         0x00000000   Number         0  defsig_abrt_inner.o ABSOLUTE
    ../clib/signal.c                         0x00000000   Number         0  defsig_general.o ABSOLUTE
    ../clib/signal.c                         0x00000000   Number         0  defsig_rtmem_inner.o ABSOLUTE
    ../clib/signal.c                         0x00000000   Number         0  defsig_exit.o ABSOLUTE
    ../clib/signal.c                         0x00000000   Number         0  defsig_rtmem_formal.o ABSOLUTE
    ../clib/signal.c                         0x00000000   Number         0  defsig_rtmem_outer.o ABSOLUTE
    ../clib/signal.c                         0x00000000   Number         0  __raise.o ABSOLUTE
    ../clib/signal.c                         0x00000000   Number         0  defsig_pvfn_inner.o ABSOLUTE
    ../clib/signal.c                         0x00000000   Number         0  defsig_other.o ABSOLUTE
    ../clib/signal.c                         0x00000000   Number         0  defsig_segv_inner.o ABSOLUTE
    ../clib/signal.c                         0x00000000   Number         0  defsig_cppl_inner.o ABSOLUTE
    ../clib/signal.c                         0x00000000   Number         0  defsig_stak_inner.o ABSOLUTE
    ../clib/signal.s                         0x00000000   Number         0  defsig.o ABSOLUTE
    ../clib/stdlib.c                         0x00000000   Number         0  rand.o ABSOLUTE
    ../clib/stdlib.c                         0x00000000   Number         0  rand.o ABSOLUTE
    ../clib/stdlib.c                         0x00000000   Number         0  exit.o ABSOLUTE
    ../fplib/fpinit.s                        0x00000000   Number         0  fpinit.o ABSOLUTE
    Hardware\bitmap.c                        0x00000000   Number         0  bitmap.o ABSOLUTE
    Hardware\infrared.c                      0x00000000   Number         0  infrared.o ABSOLUTE
    Hardware\led.c                           0x00000000   Number         0  led.o ABSOLUTE
    Hardware\ws2812b.c                       0x00000000   Number         0  ws2812b.o ABSOLUTE
    Library\misc.c                           0x00000000   Number         0  misc.o ABSOLUTE
    Library\stm32f10x_adc.c                  0x00000000   Number         0  stm32f10x_adc.o ABSOLUTE
    Library\stm32f10x_bkp.c                  0x00000000   Number         0  stm32f10x_bkp.o ABSOLUTE
    Library\stm32f10x_can.c                  0x00000000   Number         0  stm32f10x_can.o ABSOLUTE
    Library\stm32f10x_cec.c                  0x00000000   Number         0  stm32f10x_cec.o ABSOLUTE
    Library\stm32f10x_crc.c                  0x00000000   Number         0  stm32f10x_crc.o ABSOLUTE
    Library\stm32f10x_dac.c                  0x00000000   Number         0  stm32f10x_dac.o ABSOLUTE
    Library\stm32f10x_dbgmcu.c               0x00000000   Number         0  stm32f10x_dbgmcu.o ABSOLUTE
    Library\stm32f10x_dma.c                  0x00000000   Number         0  stm32f10x_dma.o ABSOLUTE
    Library\stm32f10x_exti.c                 0x00000000   Number         0  stm32f10x_exti.o ABSOLUTE
    Library\stm32f10x_flash.c                0x00000000   Number         0  stm32f10x_flash.o ABSOLUTE
    Library\stm32f10x_fsmc.c                 0x00000000   Number         0  stm32f10x_fsmc.o ABSOLUTE
    Library\stm32f10x_gpio.c                 0x00000000   Number         0  stm32f10x_gpio.o ABSOLUTE
    Library\stm32f10x_i2c.c                  0x00000000   Number         0  stm32f10x_i2c.o ABSOLUTE
    Library\stm32f10x_iwdg.c                 0x00000000   Number         0  stm32f10x_iwdg.o ABSOLUTE
    Library\stm32f10x_pwr.c                  0x00000000   Number         0  stm32f10x_pwr.o ABSOLUTE
    Library\stm32f10x_rcc.c                  0x00000000   Number         0  stm32f10x_rcc.o ABSOLUTE
    Library\stm32f10x_rtc.c                  0x00000000   Number         0  stm32f10x_rtc.o ABSOLUTE
    Library\stm32f10x_sdio.c                 0x00000000   Number         0  stm32f10x_sdio.o ABSOLUTE
    Library\stm32f10x_spi.c                  0x00000000   Number         0  stm32f10x_spi.o ABSOLUTE
    Library\stm32f10x_tim.c                  0x00000000   Number         0  stm32f10x_tim.o ABSOLUTE
    Library\stm32f10x_usart.c                0x00000000   Number         0  stm32f10x_usart.o ABSOLUTE
    Library\stm32f10x_wwdg.c                 0x00000000   Number         0  stm32f10x_wwdg.o ABSOLUTE
    Start\\core_cm3.c                        0x00000000   Number         0  core_cm3.o ABSOLUTE
    Start\core_cm3.c                         0x00000000   Number         0  core_cm3.o ABSOLUTE
    Start\startup_stm32f10x_md.s             0x00000000   Number         0  startup_stm32f10x_md.o ABSOLUTE
    Start\system_stm32f10x.c                 0x00000000   Number         0  system_stm32f10x.o ABSOLUTE
    System\Delay.c                           0x00000000   Number         0  delay.o ABSOLUTE
    System\rand.c                            0x00000000   Number         0  rand.o ABSOLUTE
    System\timer.c                           0x00000000   Number         0  timer.o ABSOLUTE
    User\main.c                              0x00000000   Number         0  main.o ABSOLUTE
    User\stm32f10x_it.c                      0x00000000   Number         0  stm32f10x_it.o ABSOLUTE
    dc.s                                     0x00000000   Number         0  dc.o ABSOLUTE
    RESET                                    0x08000000   Section      236  startup_stm32f10x_md.o(RESET)
    !!!main                                  0x080000ec   Section        8  __main.o(!!!main)
    !!!scatter                               0x080000f4   Section       52  __scatter.o(!!!scatter)
    !!handler_copy                           0x08000128   Section       26  __scatter_copy.o(!!handler_copy)
    !!handler_zi                             0x08000144   Section       28  __scatter_zi.o(!!handler_zi)
    .ARM.Collect$$libinit$$00000000          0x08000160   Section        2  libinit.o(.ARM.Collect$$libinit$$00000000)
    .ARM.Collect$$libinit$$00000002          0x08000162   Section        0  libinit2.o(.ARM.Collect$$libinit$$00000002)
    .ARM.Collect$$libinit$$00000004          0x08000162   Section        0  libinit2.o(.ARM.Collect$$libinit$$00000004)
    .ARM.Collect$$libinit$$0000000A          0x08000162   Section        0  libinit2.o(.ARM.Collect$$libinit$$0000000A)
    .ARM.Collect$$libinit$$0000000C          0x08000162   Section        0  libinit2.o(.ARM.Collect$$libinit$$0000000C)
    .ARM.Collect$$libinit$$0000000D          0x08000162   Section        4  libinit2.o(.ARM.Collect$$libinit$$0000000D)
    .ARM.Collect$$libinit$$0000000E          0x08000166   Section        0  libinit2.o(.ARM.Collect$$libinit$$0000000E)
    .ARM.Collect$$libinit$$00000011          0x08000166   Section        0  libinit2.o(.ARM.Collect$$libinit$$00000011)
    .ARM.Collect$$libinit$$00000013          0x08000166   Section        0  libinit2.o(.ARM.Collect$$libinit$$00000013)
    .ARM.Collect$$libinit$$00000015          0x08000166   Section        0  libinit2.o(.ARM.Collect$$libinit$$00000015)
    .ARM.Collect$$libinit$$00000017          0x08000166   Section        0  libinit2.o(.ARM.Collect$$libinit$$00000017)
    .ARM.Collect$$libinit$$00000019          0x08000166   Section        0  libinit2.o(.ARM.Collect$$libinit$$00000019)
    .ARM.Collect$$libinit$$0000001B          0x08000166   Section        0  libinit2.o(.ARM.Collect$$libinit$$0000001B)
    .ARM.Collect$$libinit$$0000001D          0x08000166   Section        0  libinit2.o(.ARM.Collect$$libinit$$0000001D)
    .ARM.Collect$$libinit$$0000001F          0x08000166   Section        0  libinit2.o(.ARM.Collect$$libinit$$0000001F)
    .ARM.Collect$$libinit$$00000021          0x08000166   Section        0  libinit2.o(.ARM.Collect$$libinit$$00000021)
    .ARM.Collect$$libinit$$00000023          0x08000166   Section        0  libinit2.o(.ARM.Collect$$libinit$$00000023)
    .ARM.Collect$$libinit$$00000025          0x08000166   Section        0  libinit2.o(.ARM.Collect$$libinit$$00000025)
    .ARM.Collect$$libinit$$0000002C          0x08000166   Section        0  libinit2.o(.ARM.Collect$$libinit$$0000002C)
    .ARM.Collect$$libinit$$0000002E          0x08000166   Section        0  libinit2.o(.ARM.Collect$$libinit$$0000002E)
    .ARM.Collect$$libinit$$00000030          0x08000166   Section        0  libinit2.o(.ARM.Collect$$libinit$$00000030)
    .ARM.Collect$$libinit$$00000032          0x08000166   Section        0  libinit2.o(.ARM.Collect$$libinit$$00000032)
    .ARM.Collect$$libinit$$00000033          0x08000166   Section        2  libinit2.o(.ARM.Collect$$libinit$$00000033)
    .ARM.Collect$$libshutdown$$00000000      0x08000168   Section        2  libshutdown.o(.ARM.Collect$$libshutdown$$00000000)
    .ARM.Collect$$libshutdown$$00000002      0x0800016a   Section        0  libshutdown2.o(.ARM.Collect$$libshutdown$$00000002)
    .ARM.Collect$$libshutdown$$00000004      0x0800016a   Section        0  libshutdown2.o(.ARM.Collect$$libshutdown$$00000004)
    .ARM.Collect$$libshutdown$$00000006      0x0800016a   Section        0  libshutdown2.o(.ARM.Collect$$libshutdown$$00000006)
    .ARM.Collect$$libshutdown$$00000009      0x0800016a   Section        0  libshutdown2.o(.ARM.Collect$$libshutdown$$00000009)
    .ARM.Collect$$libshutdown$$0000000C      0x0800016a   Section        0  libshutdown2.o(.ARM.Collect$$libshutdown$$0000000C)
    .ARM.Collect$$libshutdown$$0000000E      0x0800016a   Section        0  libshutdown2.o(.ARM.Collect$$libshutdown$$0000000E)
    .ARM.Collect$$libshutdown$$00000011      0x0800016a   Section        0  libshutdown2.o(.ARM.Collect$$libshutdown$$00000011)
    .ARM.Collect$$libshutdown$$00000012      0x0800016a   Section        2  libshutdown2.o(.ARM.Collect$$libshutdown$$00000012)
    .ARM.Collect$$rtentry$$00000000          0x0800016c   Section        0  __rtentry.o(.ARM.Collect$$rtentry$$00000000)
    .ARM.Collect$$rtentry$$00000002          0x0800016c   Section        0  __rtentry2.o(.ARM.Collect$$rtentry$$00000002)
    .ARM.Collect$$rtentry$$00000004          0x0800016c   Section        6  __rtentry4.o(.ARM.Collect$$rtentry$$00000004)
    .ARM.Collect$$rtentry$$00000009          0x08000172   Section        0  __rtentry2.o(.ARM.Collect$$rtentry$$00000009)
    .ARM.Collect$$rtentry$$0000000A          0x08000172   Section        4  __rtentry2.o(.ARM.Collect$$rtentry$$0000000A)
    .ARM.Collect$$rtentry$$0000000C          0x08000176   Section        0  __rtentry2.o(.ARM.Collect$$rtentry$$0000000C)
    .ARM.Collect$$rtentry$$0000000D          0x08000176   Section        8  __rtentry2.o(.ARM.Collect$$rtentry$$0000000D)
    .ARM.Collect$$rtexit$$00000000           0x0800017e   Section        2  rtexit.o(.ARM.Collect$$rtexit$$00000000)
    .ARM.Collect$$rtexit$$00000002           0x08000180   Section        0  rtexit2.o(.ARM.Collect$$rtexit$$00000002)
    .ARM.Collect$$rtexit$$00000003           0x08000180   Section        4  rtexit2.o(.ARM.Collect$$rtexit$$00000003)
    .ARM.Collect$$rtexit$$00000004           0x08000184   Section        6  rtexit2.o(.ARM.Collect$$rtexit$$00000004)
    .emb_text                                0x0800018c   Section       52  rand.o(.emb_text)
    .text                                    0x080001c0   Section       64  startup_stm32f10x_md.o(.text)
    .text                                    0x08000200   Section        0  rand.o(.text)
    .text                                    0x0800023c   Section       68  rt_memclr.o(.text)
    .text                                    0x08000280   Section        0  heapauxi.o(.text)
    .text                                    0x08000286   Section       78  rt_memclr_w.o(.text)
    .text                                    0x080002d4   Section       74  sys_stackheap_outer.o(.text)
    .text                                    0x0800031e   Section        0  exit.o(.text)
    .text                                    0x08000330   Section        8  libspace.o(.text)
    .text                                    0x08000338   Section        2  use_no_semi.o(.text)
    .text                                    0x0800033a   Section        0  indicate_semi.o(.text)
    .text                                    0x0800033c   Section        0  sys_exit.o(.text)
    i.BusFault_Handler                       0x08000348   Section        0  stm32f10x_it.o(i.BusFault_Handler)
    i.DMA1_CH1Send                           0x0800034c   Section        0  ws2812b.o(i.DMA1_CH1Send)
    DMA1_CH1Send                             0x0800034d   Thumb Code   162  ws2812b.o(i.DMA1_CH1Send)
    i.DMA1_CH1SendNext                       0x08000408   Section        0  ws2812b.o(i.DMA1_CH1SendNext)
    DMA1_CH1SendNext                         0x08000409   Thumb Code   148  ws2812b.o(i.DMA1_CH1SendNext)
    i.DMA1_CH2Send                           0x080004b0   Section        0  ws2812b.o(i.DMA1_CH2Send)
    DMA1_CH2Send                             0x080004b1   Thumb Code   170  ws2812b.o(i.DMA1_CH2Send)
    i.DMA1_CH2SendNext                       0x08000578   Section        0  ws2812b.o(i.DMA1_CH2SendNext)
    DMA1_CH2SendNext                         0x08000579   Thumb Code   154  ws2812b.o(i.DMA1_CH2SendNext)
    i.DMA1_CH3Send                           0x0800062c   Section        0  ws2812b.o(i.DMA1_CH3Send)
    DMA1_CH3Send                             0x0800062d   Thumb Code   162  ws2812b.o(i.DMA1_CH3Send)
    i.DMA1_CH3SendNext                       0x080006ec   Section        0  ws2812b.o(i.DMA1_CH3SendNext)
    DMA1_CH3SendNext                         0x080006ed   Thumb Code   146  ws2812b.o(i.DMA1_CH3SendNext)
    i.DMA1_CH5Send                           0x08000798   Section        0  ws2812b.o(i.DMA1_CH5Send)
    DMA1_CH5Send                             0x08000799   Thumb Code   162  ws2812b.o(i.DMA1_CH5Send)
    i.DMA1_CH5SendNext                       0x08000854   Section        0  ws2812b.o(i.DMA1_CH5SendNext)
    DMA1_CH5SendNext                         0x08000855   Thumb Code   148  ws2812b.o(i.DMA1_CH5SendNext)
    i.DMA1_CH6Send                           0x080008fc   Section        0  ws2812b.o(i.DMA1_CH6Send)
    DMA1_CH6Send                             0x080008fd   Thumb Code   162  ws2812b.o(i.DMA1_CH6Send)
    i.DMA1_CH6SendNext                       0x080009bc   Section        0  ws2812b.o(i.DMA1_CH6SendNext)
    DMA1_CH6SendNext                         0x080009bd   Thumb Code   146  ws2812b.o(i.DMA1_CH6SendNext)
    i.DMA1_CH7Send                           0x08000a68   Section        0  ws2812b.o(i.DMA1_CH7Send)
    DMA1_CH7Send                             0x08000a69   Thumb Code   162  ws2812b.o(i.DMA1_CH7Send)
    i.DMA1_CH7SendNext                       0x08000b24   Section        0  ws2812b.o(i.DMA1_CH7SendNext)
    DMA1_CH7SendNext                         0x08000b25   Thumb Code   148  ws2812b.o(i.DMA1_CH7SendNext)
    i.DMA1_Channel1_IRQHandler               0x08000bcc   Section        0  ws2812b.o(i.DMA1_Channel1_IRQHandler)
    i.DMA1_Channel2_IRQHandler               0x08000c08   Section        0  ws2812b.o(i.DMA1_Channel2_IRQHandler)
    i.DMA1_Channel3_IRQHandler               0x08000c44   Section        0  ws2812b.o(i.DMA1_Channel3_IRQHandler)
    i.DMA1_Channel5_IRQHandler               0x08000c88   Section        0  ws2812b.o(i.DMA1_Channel5_IRQHandler)
    i.DMA1_Channel6_IRQHandler               0x08000ccc   Section        0  ws2812b.o(i.DMA1_Channel6_IRQHandler)
    i.DMA1_Channel7_IRQHandler               0x08000d10   Section        0  ws2812b.o(i.DMA1_Channel7_IRQHandler)
    i.DMA_ClearITPendingBit                  0x08000d54   Section        0  stm32f10x_dma.o(i.DMA_ClearITPendingBit)
    i.DMA_Cmd                                0x08000d70   Section        0  stm32f10x_dma.o(i.DMA_Cmd)
    i.DMA_GetITStatus                        0x08000d88   Section        0  stm32f10x_dma.o(i.DMA_GetITStatus)
    i.DMA_ITConfig                           0x08000db4   Section        0  stm32f10x_dma.o(i.DMA_ITConfig)
    i.DMA_Init                               0x08000dc6   Section        0  stm32f10x_dma.o(i.DMA_Init)
    i.DMA_SetCurrDataCounter                 0x08000e02   Section        0  stm32f10x_dma.o(i.DMA_SetCurrDataCounter)
    i.DMA_StructInit                         0x08000e06   Section        0  stm32f10x_dma.o(i.DMA_StructInit)
    i.DebugMon_Handler                       0x08000e20   Section        0  stm32f10x_it.o(i.DebugMon_Handler)
    i.Delay_ms                               0x08000e22   Section        0  delay.o(i.Delay_ms)
    i.Delay_us                               0x08000e3a   Section        0  delay.o(i.Delay_us)
    i.EXTI3_IRQHandler                       0x08000e68   Section        0  infrared.o(i.EXTI3_IRQHandler)
    i.EXTI3_Init                             0x08001040   Section        0  infrared.o(i.EXTI3_Init)
    i.EXTI_ClearITPendingBit                 0x080010b4   Section        0  stm32f10x_exti.o(i.EXTI_ClearITPendingBit)
    i.EXTI_GetITStatus                       0x080010c0   Section        0  stm32f10x_exti.o(i.EXTI_GetITStatus)
    i.EXTI_Init                              0x080010e8   Section        0  stm32f10x_exti.o(i.EXTI_Init)
    i.GPIO_EXTILineConfig                    0x0800117c   Section        0  stm32f10x_gpio.o(i.GPIO_EXTILineConfig)
    i.GPIO_Init                              0x080011bc   Section        0  stm32f10x_gpio.o(i.GPIO_Init)
    i.GPIO_ReadInputDataBit                  0x080012d2   Section        0  stm32f10x_gpio.o(i.GPIO_ReadInputDataBit)
    i.GPIO_StructInit                        0x080012e4   Section        0  stm32f10x_gpio.o(i.GPIO_StructInit)
    i.HardFault_Handler                      0x080012f4   Section        0  stm32f10x_it.o(i.HardFault_Handler)
    i.IR_Init                                0x080012f8   Section        0  infrared.o(i.IR_Init)
    i.LEDGamma                               0x08001300   Section        0  ws2812b.o(i.LEDGamma)
    LEDGamma                                 0x08001301   Thumb Code     8  ws2812b.o(i.LEDGamma)
    i.LED_Init                               0x0800130c   Section        0  led.o(i.LED_Init)
    i.LED_PackFrameData1                     0x08001370   Section        0  led.o(i.LED_PackFrameData1)
    i.LED_PackFrameData2                     0x080013e8   Section        0  led.o(i.LED_PackFrameData2)
    i.LED_PackLightALLData                   0x08001460   Section        0  led.o(i.LED_PackLightALLData)
    i.LED_PackRectangleData                  0x0800149c   Section        0  led.o(i.LED_PackRectangleData)
    i.LED_PackStripData                      0x080015b4   Section        0  led.o(i.LED_PackStripData)
    i.LED_PackTargetData                     0x0800162c   Section        0  led.o(i.LED_PackTargetData)
    i.LED_Update                             0x08001844   Section        0  led.o(i.LED_Update)
    i.LED_set                                0x080019a4   Section        0  infrared.o(i.LED_set)
    i.MemManage_Handler                      0x08001a8c   Section        0  stm32f10x_it.o(i.MemManage_Handler)
    i.NMI_Handler                            0x08001a90   Section        0  stm32f10x_it.o(i.NMI_Handler)
    i.NVIC_Init                              0x08001a94   Section        0  misc.o(i.NVIC_Init)
    i.NVIC_PriorityGroupConfig               0x08001b04   Section        0  misc.o(i.NVIC_PriorityGroupConfig)
    i.PendSV_Handler                         0x08001b18   Section        0  stm32f10x_it.o(i.PendSV_Handler)
    i.RCC_AHBPeriphClockCmd                  0x08001b1c   Section        0  stm32f10x_rcc.o(i.RCC_AHBPeriphClockCmd)
    i.RCC_APB1PeriphClockCmd                 0x08001b3c   Section        0  stm32f10x_rcc.o(i.RCC_APB1PeriphClockCmd)
    i.RCC_APB2PeriphClockCmd                 0x08001b5c   Section        0  stm32f10x_rcc.o(i.RCC_APB2PeriphClockCmd)
    i.RGB2PWM                                0x08001b7c   Section        0  ws2812b.o(i.RGB2PWM)
    RGB2PWM                                  0x08001b7d   Thumb Code   112  ws2812b.o(i.RGB2PWM)
    i.SVC_Handler                            0x08001bec   Section        0  stm32f10x_it.o(i.SVC_Handler)
    i.SetSysClock                            0x08001bee   Section        0  system_stm32f10x.o(i.SetSysClock)
    SetSysClock                              0x08001bef   Thumb Code     8  system_stm32f10x.o(i.SetSysClock)
    i.SetSysClockTo72                        0x08001bf8   Section        0  system_stm32f10x.o(i.SetSysClockTo72)
    SetSysClockTo72                          0x08001bf9   Thumb Code   214  system_stm32f10x.o(i.SetSysClockTo72)
    i.SrcFilterNull                          0x08001cd8   Section        0  ws2812b.o(i.SrcFilterNull)
    SrcFilterNull                            0x08001cd9   Thumb Code    40  ws2812b.o(i.SrcFilterNull)
    i.SrcFilterRGB                           0x08001d00   Section        0  ws2812b.o(i.SrcFilterRGB)
    SrcFilterRGB                             0x08001d01   Thumb Code    64  ws2812b.o(i.SrcFilterRGB)
    i.SysTick_Handler                        0x08001d40   Section        0  stm32f10x_it.o(i.SysTick_Handler)
    i.SystemInit                             0x08001d44   Section        0  system_stm32f10x.o(i.SystemInit)
    i.TIM4_GetCounter                        0x08001da4   Section        0  timer.o(i.TIM4_GetCounter)
    i.TIM4_IRQHandler                        0x08001dd0   Section        0  timer.o(i.TIM4_IRQHandler)
    i.TIM4_StartCounter                      0x08001e34   Section        0  timer.o(i.TIM4_StartCounter)
    i.TIM_ClearFlag                          0x08001e54   Section        0  stm32f10x_tim.o(i.TIM_ClearFlag)
    i.TIM_ClearITPendingBit                  0x08001e5a   Section        0  stm32f10x_tim.o(i.TIM_ClearITPendingBit)
    i.TIM_Cmd                                0x08001e60   Section        0  stm32f10x_tim.o(i.TIM_Cmd)
    i.TIM_CtrlPWMOutputs                     0x08001e78   Section        0  stm32f10x_tim.o(i.TIM_CtrlPWMOutputs)
    i.TIM_DMACmd                             0x08001e96   Section        0  stm32f10x_tim.o(i.TIM_DMACmd)
    i.TIM_GetCounter                         0x08001ea8   Section        0  stm32f10x_tim.o(i.TIM_GetCounter)
    i.TIM_GetITStatus                        0x08001eae   Section        0  stm32f10x_tim.o(i.TIM_GetITStatus)
    i.TIM_ITConfig                           0x08001ed0   Section        0  stm32f10x_tim.o(i.TIM_ITConfig)
    i.TIM_InternalClockConfig                0x08001ee2   Section        0  stm32f10x_tim.o(i.TIM_InternalClockConfig)
    i.TIM_OC1Init                            0x08001ef0   Section        0  stm32f10x_tim.o(i.TIM_OC1Init)
    i.TIM_OC1PreloadConfig                   0x08001f88   Section        0  stm32f10x_tim.o(i.TIM_OC1PreloadConfig)
    i.TIM_OC2Init                            0x08001f9c   Section        0  stm32f10x_tim.o(i.TIM_OC2Init)
    i.TIM_OC2PreloadConfig                   0x08002040   Section        0  stm32f10x_tim.o(i.TIM_OC2PreloadConfig)
    i.TIM_OC3Init                            0x0800205c   Section        0  stm32f10x_tim.o(i.TIM_OC3Init)
    i.TIM_OC3PreloadConfig                   0x080020fc   Section        0  stm32f10x_tim.o(i.TIM_OC3PreloadConfig)
    i.TIM_OC4Init                            0x08002110   Section        0  stm32f10x_tim.o(i.TIM_OC4Init)
    i.TIM_OC4PreloadConfig                   0x0800218c   Section        0  stm32f10x_tim.o(i.TIM_OC4PreloadConfig)
    i.TIM_OCStructInit                       0x080021a6   Section        0  stm32f10x_tim.o(i.TIM_OCStructInit)
    i.TIM_TimeBaseInit                       0x080021bc   Section        0  stm32f10x_tim.o(i.TIM_TimeBaseInit)
    i.TIM_TimeBaseStructInit                 0x08002260   Section        0  stm32f10x_tim.o(i.TIM_TimeBaseStructInit)
    i.Timer_Init                             0x08002274   Section        0  timer.o(i.Timer_Init)
    i.Timer_reset                            0x080022f0   Section        0  timer.o(i.Timer_reset)
    i.UsageFault_Handler                     0x080022fc   Section        0  stm32f10x_it.o(i.UsageFault_Handler)
    i.check_LED_Status                       0x08002300   Section        0  led.o(i.check_LED_Status)
    i.main                                   0x08002428   Section        0  main.o(i.main)
    i.rand_get                               0x0800244a   Section        0  rand.o(i.rand_get)
    i.ws2812b_H3_SendRGB                     0x08002460   Section        0  ws2812b.o(i.ws2812b_H3_SendRGB)
    i.ws2812b_H4_SendRGB                     0x08002478   Section        0  ws2812b.o(i.ws2812b_H4_SendRGB)
    i.ws2812b_H6_SendRGB                     0x08002490   Section        0  ws2812b.o(i.ws2812b_H6_SendRGB)
    i.ws2812b_H7_SendRGB                     0x080024a8   Section        0  ws2812b.o(i.ws2812b_H7_SendRGB)
    i.ws2812b_H8_SendRGB                     0x080024c0   Section        0  ws2812b.o(i.ws2812b_H8_SendRGB)
    i.ws2812b_Init                           0x080024d8   Section        0  ws2812b.o(i.ws2812b_Init)
    i.ws2812b_IsReady                        0x080027a4   Section        0  ws2812b.o(i.ws2812b_IsReady)
    i.ws2812b_SW1_SendRGB                    0x080027e8   Section        0  ws2812b.o(i.ws2812b_SW1_SendRGB)
    .constdata                               0x08002800   Section      256  ws2812b.o(.constdata)
    LEDGammaTable                            0x08002800   Data         256  ws2812b.o(.constdata)
    .constdata                               0x08002900   Section     6421  led.o(.constdata)
    red                                      0x08002900   Data           3  led.o(.constdata)
    blue                                     0x08002903   Data           3  led.o(.constdata)
    off                                      0x08002906   Data           3  led.o(.constdata)
    dim_red                                  0x08002909   Data           3  led.o(.constdata)
    dim_blue                                 0x0800290c   Data           3  led.o(.constdata)
    R_red                                    0x0800290f   Data           3  led.o(.constdata)
    R_blue                                   0x08002912   Data           3  led.o(.constdata)
    .constdata                               0x08004215   Section        6  infrared.o(.constdata)
    red                                      0x08004215   Data           3  infrared.o(.constdata)
    blue                                     0x08004218   Data           3  infrared.o(.constdata)
    .data                                    0x20000000   Section       20  system_stm32f10x.o(.data)
    .data                                    0x20000014   Section        8  timer.o(.data)
    .data                                    0x2000001c   Section       36  ws2812b.o(.data)
    DMA1_CH7Busy                             0x2000001c   Data           4  ws2812b.o(.data)
    DMA1_CH1Busy                             0x20000020   Data           4  ws2812b.o(.data)
    DMA1_CH6Busy                             0x20000024   Data           4  ws2812b.o(.data)
    DMA1_CH3Busy                             0x20000028   Data           4  ws2812b.o(.data)
    DMA1_CH2Busy                             0x2000002c   Data           4  ws2812b.o(.data)
    DMA1_CH5Busy                             0x20000030   Data           4  ws2812b.o(.data)
    DMAFilter                                0x20000034   Data           4  ws2812b.o(.data)
    DMASrc                                   0x20000038   Data           4  ws2812b.o(.data)
    DMACount                                 0x2000003c   Data           4  ws2812b.o(.data)
    .data                                    0x20000040   Section       29  led.o(.data)
    current_Refresh_Leaf                     0x20000048   Data           1  led.o(.data)
    count                                    0x20000055   Data           1  led.o(.data)
    target_color                             0x20000056   Data           3  led.o(.data)
    temp                                     0x20000059   Data           1  led.o(.data)
    R_color                                  0x2000005a   Data           3  led.o(.data)
    .data                                    0x2000005e   Section       16  infrared.o(.data)
    .bss                                     0x20000070   Section     2880  ws2812b.o(.bss)
    DMABuffer                                0x20000070   Data        2880  ws2812b.o(.bss)
    .bss                                     0x20000bb0   Section     4947  led.o(.bss)
    leds                                     0x20000bb0   Data        4755  led.o(.bss)
    R_logo                                   0x20001e43   Data         192  led.o(.bss)
    .bss                                     0x20001f04   Section      228  rand.o(.bss)
    .bss                                     0x20001fe8   Section       96  libspace.o(.bss)
    HEAP                                     0x20002048   Section      512  startup_stm32f10x_md.o(HEAP)
    Heap_Mem                                 0x20002048   Data         512  startup_stm32f10x_md.o(HEAP)
    STACK                                    0x20002248   Section     1024  startup_stm32f10x_md.o(STACK)
    Stack_Mem                                0x20002248   Data        1024  startup_stm32f10x_md.o(STACK)
    __initial_sp                             0x20002648   Data           0  startup_stm32f10x_md.o(STACK)

    Global Symbols

    Symbol Name                              Value     Ov Type        Size  Object(Section)

    BuildAttributes$$THM_ISAv4$P$D$K$B$S$PE$A:L22UL41UL21$X:L11$S22US41US21$IEEE1$IW$USESV6$~STKCKD$USESV7$~SHL$OSPACE$ROPI$EBA8$UX$STANDARDLIB$REQ8$PRES8$EABIv2 0x00000000   Number         0  anon$$obj.o ABSOLUTE
    __ARM_use_no_argv                        0x00000000   Number         0  main.o ABSOLUTE
    __ARM_exceptions_init                     - Undefined Weak Reference
    __alloca_initialize                       - Undefined Weak Reference
    __arm_fini_                               - Undefined Weak Reference
    __arm_preinit_                            - Undefined Weak Reference
    __cpp_initialize__aeabi_                  - Undefined Weak Reference
    __cxa_finalize                            - Undefined Weak Reference
    __rt_locale                               - Undefined Weak Reference
    __sigvec_lookup                           - Undefined Weak Reference
    _atexit_init                              - Undefined Weak Reference
    _call_atexit_fns                          - Undefined Weak Reference
    _clock_init                               - Undefined Weak Reference
    _fp_trap_init                             - Undefined Weak Reference
    _fp_trap_shutdown                         - Undefined Weak Reference
    _get_lc_collate                           - Undefined Weak Reference
    _get_lc_ctype                             - Undefined Weak Reference
    _get_lc_monetary                          - Undefined Weak Reference
    _get_lc_numeric                           - Undefined Weak Reference
    _get_lc_time                              - Undefined Weak Reference
    _getenv_init                              - Undefined Weak Reference
    _handle_redirection                       - Undefined Weak Reference
    _init_alloc                               - Undefined Weak Reference
    _init_user_alloc                          - Undefined Weak Reference
    _initio                                   - Undefined Weak Reference
    _signal_finish                            - Undefined Weak Reference
    _signal_init                              - Undefined Weak Reference
    _terminate_alloc                          - Undefined Weak Reference
    _terminate_user_alloc                     - Undefined Weak Reference
    _terminateio                              - Undefined Weak Reference
    __Vectors_Size                           0x000000ec   Number         0  startup_stm32f10x_md.o ABSOLUTE
    __Vectors                                0x08000000   Data           4  startup_stm32f10x_md.o(RESET)
    __Vectors_End                            0x080000ec   Data           0  startup_stm32f10x_md.o(RESET)
    __main                                   0x080000ed   Thumb Code     8  __main.o(!!!main)
    __scatterload                            0x080000f5   Thumb Code     0  __scatter.o(!!!scatter)
    __scatterload_rt2                        0x080000f5   Thumb Code    44  __scatter.o(!!!scatter)
    __scatterload_rt2_thumb_only             0x080000f5   Thumb Code     0  __scatter.o(!!!scatter)
    __scatterload_null                       0x08000103   Thumb Code     0  __scatter.o(!!!scatter)
    __scatterload_copy                       0x08000129   Thumb Code    26  __scatter_copy.o(!!handler_copy)
    __scatterload_zeroinit                   0x08000145   Thumb Code    28  __scatter_zi.o(!!handler_zi)
    __rt_lib_init                            0x08000161   Thumb Code     0  libinit.o(.ARM.Collect$$libinit$$00000000)
    __rt_lib_init_fp_1                       0x08000163   Thumb Code     0  libinit2.o(.ARM.Collect$$libinit$$00000002)
    __rt_lib_init_heap_1                     0x08000163   Thumb Code     0  libinit2.o(.ARM.Collect$$libinit$$0000000A)
    __rt_lib_init_preinit_1                  0x08000163   Thumb Code     0  libinit2.o(.ARM.Collect$$libinit$$00000004)
    __rt_lib_init_rand_2                     0x08000163   Thumb Code     0  libinit2.o(.ARM.Collect$$libinit$$0000000D)
    __rt_lib_init_user_alloc_1               0x08000163   Thumb Code     0  libinit2.o(.ARM.Collect$$libinit$$0000000C)
    __rt_lib_init_alloca_1                   0x08000167   Thumb Code     0  libinit2.o(.ARM.Collect$$libinit$$0000002E)
    __rt_lib_init_argv_1                     0x08000167   Thumb Code     0  libinit2.o(.ARM.Collect$$libinit$$0000002C)
    __rt_lib_init_atexit_1                   0x08000167   Thumb Code     0  libinit2.o(.ARM.Collect$$libinit$$0000001B)
    __rt_lib_init_clock_1                    0x08000167   Thumb Code     0  libinit2.o(.ARM.Collect$$libinit$$00000021)
    __rt_lib_init_cpp_1                      0x08000167   Thumb Code     0  libinit2.o(.ARM.Collect$$libinit$$00000032)
    __rt_lib_init_exceptions_1               0x08000167   Thumb Code     0  libinit2.o(.ARM.Collect$$libinit$$00000030)
    __rt_lib_init_fp_trap_1                  0x08000167   Thumb Code     0  libinit2.o(.ARM.Collect$$libinit$$0000001F)
    __rt_lib_init_getenv_1                   0x08000167   Thumb Code     0  libinit2.o(.ARM.Collect$$libinit$$00000023)
    __rt_lib_init_lc_collate_1               0x08000167   Thumb Code     0  libinit2.o(.ARM.Collect$$libinit$$00000011)
    __rt_lib_init_lc_ctype_1                 0x08000167   Thumb Code     0  libinit2.o(.ARM.Collect$$libinit$$00000013)
    __rt_lib_init_lc_monetary_1              0x08000167   Thumb Code     0  libinit2.o(.ARM.Collect$$libinit$$00000015)
    __rt_lib_init_lc_numeric_1               0x08000167   Thumb Code     0  libinit2.o(.ARM.Collect$$libinit$$00000017)
    __rt_lib_init_lc_time_1                  0x08000167   Thumb Code     0  libinit2.o(.ARM.Collect$$libinit$$00000019)
    __rt_lib_init_rand_1                     0x08000167   Thumb Code     0  libinit2.o(.ARM.Collect$$libinit$$0000000E)
    __rt_lib_init_return                     0x08000167   Thumb Code     0  libinit2.o(.ARM.Collect$$libinit$$00000033)
    __rt_lib_init_signal_1                   0x08000167   Thumb Code     0  libinit2.o(.ARM.Collect$$libinit$$0000001D)
    __rt_lib_init_stdio_1                    0x08000167   Thumb Code     0  libinit2.o(.ARM.Collect$$libinit$$00000025)
    __rt_lib_shutdown                        0x08000169   Thumb Code     0  libshutdown.o(.ARM.Collect$$libshutdown$$00000000)
    __rt_lib_shutdown_cpp_1                  0x0800016b   Thumb Code     0  libshutdown2.o(.ARM.Collect$$libshutdown$$00000004)
    __rt_lib_shutdown_fini_1                 0x0800016b   Thumb Code     0  libshutdown2.o(.ARM.Collect$$libshutdown$$00000002)
    __rt_lib_shutdown_fp_trap_1              0x0800016b   Thumb Code     0  libshutdown2.o(.ARM.Collect$$libshutdown$$00000009)
    __rt_lib_shutdown_heap_1                 0x0800016b   Thumb Code     0  libshutdown2.o(.ARM.Collect$$libshutdown$$00000011)
    __rt_lib_shutdown_return                 0x0800016b   Thumb Code     0  libshutdown2.o(.ARM.Collect$$libshutdown$$00000012)
    __rt_lib_shutdown_signal_1               0x0800016b   Thumb Code     0  libshutdown2.o(.ARM.Collect$$libshutdown$$0000000C)
    __rt_lib_shutdown_stdio_1                0x0800016b   Thumb Code     0  libshutdown2.o(.ARM.Collect$$libshutdown$$00000006)
    __rt_lib_shutdown_user_alloc_1           0x0800016b   Thumb Code     0  libshutdown2.o(.ARM.Collect$$libshutdown$$0000000E)
    __rt_entry                               0x0800016d   Thumb Code     0  __rtentry.o(.ARM.Collect$$rtentry$$00000000)
    __rt_entry_presh_1                       0x0800016d   Thumb Code     0  __rtentry2.o(.ARM.Collect$$rtentry$$00000002)
    __rt_entry_sh                            0x0800016d   Thumb Code     0  __rtentry4.o(.ARM.Collect$$rtentry$$00000004)
    __rt_entry_li                            0x08000173   Thumb Code     0  __rtentry2.o(.ARM.Collect$$rtentry$$0000000A)
    __rt_entry_postsh_1                      0x08000173   Thumb Code     0  __rtentry2.o(.ARM.Collect$$rtentry$$00000009)
    __rt_entry_main                          0x08000177   Thumb Code     0  __rtentry2.o(.ARM.Collect$$rtentry$$0000000D)
    __rt_entry_postli_1                      0x08000177   Thumb Code     0  __rtentry2.o(.ARM.Collect$$rtentry$$0000000C)
    __rt_exit                                0x0800017f   Thumb Code     0  rtexit.o(.ARM.Collect$$rtexit$$00000000)
    __rt_exit_ls                             0x08000181   Thumb Code     0  rtexit2.o(.ARM.Collect$$rtexit$$00000003)
    __rt_exit_prels_1                        0x08000181   Thumb Code     0  rtexit2.o(.ARM.Collect$$rtexit$$00000002)
    __rt_exit_exit                           0x08000185   Thumb Code     0  rtexit2.o(.ARM.Collect$$rtexit$$00000004)
    rand                                     0x0800018d   Thumb Code    48  rand.o(.emb_text)
    Reset_Handler                            0x080001c1   Thumb Code     8  startup_stm32f10x_md.o(.text)
    ADC1_2_IRQHandler                        0x080001db   Thumb Code     0  startup_stm32f10x_md.o(.text)
    CAN1_RX1_IRQHandler                      0x080001db   Thumb Code     0  startup_stm32f10x_md.o(.text)
    CAN1_SCE_IRQHandler                      0x080001db   Thumb Code     0  startup_stm32f10x_md.o(.text)
    DMA1_Channel4_IRQHandler                 0x080001db   Thumb Code     0  startup_stm32f10x_md.o(.text)
    EXTI0_IRQHandler                         0x080001db   Thumb Code     0  startup_stm32f10x_md.o(.text)
    EXTI15_10_IRQHandler                     0x080001db   Thumb Code     0  startup_stm32f10x_md.o(.text)
    EXTI1_IRQHandler                         0x080001db   Thumb Code     0  startup_stm32f10x_md.o(.text)
    EXTI2_IRQHandler                         0x080001db   Thumb Code     0  startup_stm32f10x_md.o(.text)
    EXTI4_IRQHandler                         0x080001db   Thumb Code     0  startup_stm32f10x_md.o(.text)
    EXTI9_5_IRQHandler                       0x080001db   Thumb Code     0  startup_stm32f10x_md.o(.text)
    FLASH_IRQHandler                         0x080001db   Thumb Code     0  startup_stm32f10x_md.o(.text)
    I2C1_ER_IRQHandler                       0x080001db   Thumb Code     0  startup_stm32f10x_md.o(.text)
    I2C1_EV_IRQHandler                       0x080001db   Thumb Code     0  startup_stm32f10x_md.o(.text)
    I2C2_ER_IRQHandler                       0x080001db   Thumb Code     0  startup_stm32f10x_md.o(.text)
    I2C2_EV_IRQHandler                       0x080001db   Thumb Code     0  startup_stm32f10x_md.o(.text)
    PVD_IRQHandler                           0x080001db   Thumb Code     0  startup_stm32f10x_md.o(.text)
    RCC_IRQHandler                           0x080001db   Thumb Code     0  startup_stm32f10x_md.o(.text)
    RTCAlarm_IRQHandler                      0x080001db   Thumb Code     0  startup_stm32f10x_md.o(.text)
    RTC_IRQHandler                           0x080001db   Thumb Code     0  startup_stm32f10x_md.o(.text)
    SPI1_IRQHandler                          0x080001db   Thumb Code     0  startup_stm32f10x_md.o(.text)
    SPI2_IRQHandler                          0x080001db   Thumb Code     0  startup_stm32f10x_md.o(.text)
    TAMPER_IRQHandler                        0x080001db   Thumb Code     0  startup_stm32f10x_md.o(.text)
    TIM1_BRK_IRQHandler                      0x080001db   Thumb Code     0  startup_stm32f10x_md.o(.text)
    TIM1_CC_IRQHandler                       0x080001db   Thumb Code     0  startup_stm32f10x_md.o(.text)
    TIM1_TRG_COM_IRQHandler                  0x080001db   Thumb Code     0  startup_stm32f10x_md.o(.text)
    TIM1_UP_IRQHandler                       0x080001db   Thumb Code     0  startup_stm32f10x_md.o(.text)
    TIM2_IRQHandler                          0x080001db   Thumb Code     0  startup_stm32f10x_md.o(.text)
    TIM3_IRQHandler                          0x080001db   Thumb Code     0  startup_stm32f10x_md.o(.text)
    USART1_IRQHandler                        0x080001db   Thumb Code     0  startup_stm32f10x_md.o(.text)
    USART2_IRQHandler                        0x080001db   Thumb Code     0  startup_stm32f10x_md.o(.text)
    USART3_IRQHandler                        0x080001db   Thumb Code     0  startup_stm32f10x_md.o(.text)
    USBWakeUp_IRQHandler                     0x080001db   Thumb Code     0  startup_stm32f10x_md.o(.text)
    USB_HP_CAN1_TX_IRQHandler                0x080001db   Thumb Code     0  startup_stm32f10x_md.o(.text)
    USB_LP_CAN1_RX0_IRQHandler               0x080001db   Thumb Code     0  startup_stm32f10x_md.o(.text)
    WWDG_IRQHandler                          0x080001db   Thumb Code     0  startup_stm32f10x_md.o(.text)
    __user_initial_stackheap                 0x080001dd   Thumb Code     0  startup_stm32f10x_md.o(.text)
    srand                                    0x08000201   Thumb Code    42  rand.o(.text)
    _rand_init                               0x0800022b   Thumb Code     4  rand.o(.text)
    __aeabi_memclr                           0x0800023d   Thumb Code     0  rt_memclr.o(.text)
    __rt_memclr                              0x0800023d   Thumb Code    68  rt_memclr.o(.text)
    _memset                                  0x08000241   Thumb Code     0  rt_memclr.o(.text)
    __use_two_region_memory                  0x08000281   Thumb Code     2  heapauxi.o(.text)
    __rt_heap_escrow$2region                 0x08000283   Thumb Code     2  heapauxi.o(.text)
    __rt_heap_expand$2region                 0x08000285   Thumb Code     2  heapauxi.o(.text)
    __aeabi_memclr4                          0x08000287   Thumb Code     0  rt_memclr_w.o(.text)
    __aeabi_memclr8                          0x08000287   Thumb Code     0  rt_memclr_w.o(.text)
    __rt_memclr_w                            0x08000287   Thumb Code    78  rt_memclr_w.o(.text)
    _memset_w                                0x0800028b   Thumb Code     0  rt_memclr_w.o(.text)
    __user_setup_stackheap                   0x080002d5   Thumb Code    74  sys_stackheap_outer.o(.text)
    exit                                     0x0800031f   Thumb Code    18  exit.o(.text)
    __user_libspace                          0x08000331   Thumb Code     8  libspace.o(.text)
    __user_perproc_libspace                  0x08000331   Thumb Code     0  libspace.o(.text)
    __user_perthread_libspace                0x08000331   Thumb Code     0  libspace.o(.text)
    __I$use$semihosting                      0x08000339   Thumb Code     0  use_no_semi.o(.text)
    __use_no_semihosting_swi                 0x08000339   Thumb Code     2  use_no_semi.o(.text)
    __semihosting_library_function           0x0800033b   Thumb Code     0  indicate_semi.o(.text)
    _sys_exit                                0x0800033d   Thumb Code     8  sys_exit.o(.text)
    BusFault_Handler                         0x08000349   Thumb Code     4  stm32f10x_it.o(i.BusFault_Handler)
    DMA1_Channel1_IRQHandler                 0x08000bcd   Thumb Code    50  ws2812b.o(i.DMA1_Channel1_IRQHandler)
    DMA1_Channel2_IRQHandler                 0x08000c09   Thumb Code    50  ws2812b.o(i.DMA1_Channel2_IRQHandler)
    DMA1_Channel3_IRQHandler                 0x08000c45   Thumb Code    58  ws2812b.o(i.DMA1_Channel3_IRQHandler)
    DMA1_Channel5_IRQHandler                 0x08000c89   Thumb Code    58  ws2812b.o(i.DMA1_Channel5_IRQHandler)
    DMA1_Channel6_IRQHandler                 0x08000ccd   Thumb Code    58  ws2812b.o(i.DMA1_Channel6_IRQHandler)
    DMA1_Channel7_IRQHandler                 0x08000d11   Thumb Code    58  ws2812b.o(i.DMA1_Channel7_IRQHandler)
    DMA_ClearITPendingBit                    0x08000d55   Thumb Code    18  stm32f10x_dma.o(i.DMA_ClearITPendingBit)
    DMA_Cmd                                  0x08000d71   Thumb Code    24  stm32f10x_dma.o(i.DMA_Cmd)
    DMA_GetITStatus                          0x08000d89   Thumb Code    36  stm32f10x_dma.o(i.DMA_GetITStatus)
    DMA_ITConfig                             0x08000db5   Thumb Code    18  stm32f10x_dma.o(i.DMA_ITConfig)
    DMA_Init                                 0x08000dc7   Thumb Code    60  stm32f10x_dma.o(i.DMA_Init)
    DMA_SetCurrDataCounter                   0x08000e03   Thumb Code     4  stm32f10x_dma.o(i.DMA_SetCurrDataCounter)
    DMA_StructInit                           0x08000e07   Thumb Code    26  stm32f10x_dma.o(i.DMA_StructInit)
    DebugMon_Handler                         0x08000e21   Thumb Code     2  stm32f10x_it.o(i.DebugMon_Handler)
    Delay_ms                                 0x08000e23   Thumb Code    24  delay.o(i.Delay_ms)
    Delay_us                                 0x08000e3b   Thumb Code    46  delay.o(i.Delay_us)
    EXTI3_IRQHandler                         0x08000e69   Thumb Code   428  infrared.o(i.EXTI3_IRQHandler)
    EXTI3_Init                               0x08001041   Thumb Code   110  infrared.o(i.EXTI3_Init)
    EXTI_ClearITPendingBit                   0x080010b5   Thumb Code     6  stm32f10x_exti.o(i.EXTI_ClearITPendingBit)
    EXTI_GetITStatus                         0x080010c1   Thumb Code    34  stm32f10x_exti.o(i.EXTI_GetITStatus)
    EXTI_Init                                0x080010e9   Thumb Code   142  stm32f10x_exti.o(i.EXTI_Init)
    GPIO_EXTILineConfig                      0x0800117d   Thumb Code    60  stm32f10x_gpio.o(i.GPIO_EXTILineConfig)
    GPIO_Init                                0x080011bd   Thumb Code   278  stm32f10x_gpio.o(i.GPIO_Init)
    GPIO_ReadInputDataBit                    0x080012d3   Thumb Code    18  stm32f10x_gpio.o(i.GPIO_ReadInputDataBit)
    GPIO_StructInit                          0x080012e5   Thumb Code    16  stm32f10x_gpio.o(i.GPIO_StructInit)
    HardFault_Handler                        0x080012f5   Thumb Code     4  stm32f10x_it.o(i.HardFault_Handler)
    IR_Init                                  0x080012f9   Thumb Code     8  infrared.o(i.IR_Init)
    LED_Init                                 0x0800130d   Thumb Code    78  led.o(i.LED_Init)
    LED_PackFrameData1                       0x08001371   Thumb Code   112  led.o(i.LED_PackFrameData1)
    LED_PackFrameData2                       0x080013e9   Thumb Code   112  led.o(i.LED_PackFrameData2)
    LED_PackLightALLData                     0x08001461   Thumb Code    46  led.o(i.LED_PackLightALLData)
    LED_PackRectangleData                    0x0800149d   Thumb Code   258  led.o(i.LED_PackRectangleData)
    LED_PackStripData                        0x080015b5   Thumb Code   112  led.o(i.LED_PackStripData)
    LED_PackTargetData                       0x0800162d   Thumb Code   484  led.o(i.LED_PackTargetData)
    LED_Update                               0x08001845   Thumb Code   306  led.o(i.LED_Update)
    LED_set                                  0x080019a5   Thumb Code   194  infrared.o(i.LED_set)
    MemManage_Handler                        0x08001a8d   Thumb Code     4  stm32f10x_it.o(i.MemManage_Handler)
    NMI_Handler                              0x08001a91   Thumb Code     2  stm32f10x_it.o(i.NMI_Handler)
    NVIC_Init                                0x08001a95   Thumb Code   100  misc.o(i.NVIC_Init)
    NVIC_PriorityGroupConfig                 0x08001b05   Thumb Code    10  misc.o(i.NVIC_PriorityGroupConfig)
    PendSV_Handler                           0x08001b19   Thumb Code     2  stm32f10x_it.o(i.PendSV_Handler)
    RCC_AHBPeriphClockCmd                    0x08001b1d   Thumb Code    26  stm32f10x_rcc.o(i.RCC_AHBPeriphClockCmd)
    RCC_APB1PeriphClockCmd                   0x08001b3d   Thumb Code    26  stm32f10x_rcc.o(i.RCC_APB1PeriphClockCmd)
    RCC_APB2PeriphClockCmd                   0x08001b5d   Thumb Code    26  stm32f10x_rcc.o(i.RCC_APB2PeriphClockCmd)
    SVC_Handler                              0x08001bed   Thumb Code     2  stm32f10x_it.o(i.SVC_Handler)
    SysTick_Handler                          0x08001d41   Thumb Code     2  stm32f10x_it.o(i.SysTick_Handler)
    SystemInit                               0x08001d45   Thumb Code    78  system_stm32f10x.o(i.SystemInit)
    TIM4_GetCounter                          0x08001da5   Thumb Code    32  timer.o(i.TIM4_GetCounter)
    TIM4_IRQHandler                          0x08001dd1   Thumb Code    76  timer.o(i.TIM4_IRQHandler)
    TIM4_StartCounter                        0x08001e35   Thumb Code    20  timer.o(i.TIM4_StartCounter)
    TIM_ClearFlag                            0x08001e55   Thumb Code     6  stm32f10x_tim.o(i.TIM_ClearFlag)
    TIM_ClearITPendingBit                    0x08001e5b   Thumb Code     6  stm32f10x_tim.o(i.TIM_ClearITPendingBit)
    TIM_Cmd                                  0x08001e61   Thumb Code    24  stm32f10x_tim.o(i.TIM_Cmd)
    TIM_CtrlPWMOutputs                       0x08001e79   Thumb Code    30  stm32f10x_tim.o(i.TIM_CtrlPWMOutputs)
    TIM_DMACmd                               0x08001e97   Thumb Code    18  stm32f10x_tim.o(i.TIM_DMACmd)
    TIM_GetCounter                           0x08001ea9   Thumb Code     6  stm32f10x_tim.o(i.TIM_GetCounter)
    TIM_GetITStatus                          0x08001eaf   Thumb Code    34  stm32f10x_tim.o(i.TIM_GetITStatus)
    TIM_ITConfig                             0x08001ed1   Thumb Code    18  stm32f10x_tim.o(i.TIM_ITConfig)
    TIM_InternalClockConfig                  0x08001ee3   Thumb Code    12  stm32f10x_tim.o(i.TIM_InternalClockConfig)
    TIM_OC1Init                              0x08001ef1   Thumb Code   132  stm32f10x_tim.o(i.TIM_OC1Init)
    TIM_OC1PreloadConfig                     0x08001f89   Thumb Code    18  stm32f10x_tim.o(i.TIM_OC1PreloadConfig)
    TIM_OC2Init                              0x08001f9d   Thumb Code   154  stm32f10x_tim.o(i.TIM_OC2Init)
    TIM_OC2PreloadConfig                     0x08002041   Thumb Code    26  stm32f10x_tim.o(i.TIM_OC2PreloadConfig)
    TIM_OC3Init                              0x0800205d   Thumb Code   150  stm32f10x_tim.o(i.TIM_OC3Init)
    TIM_OC3PreloadConfig                     0x080020fd   Thumb Code    18  stm32f10x_tim.o(i.TIM_OC3PreloadConfig)
    TIM_OC4Init                              0x08002111   Thumb Code   114  stm32f10x_tim.o(i.TIM_OC4Init)
    TIM_OC4PreloadConfig                     0x0800218d   Thumb Code    26  stm32f10x_tim.o(i.TIM_OC4PreloadConfig)
    TIM_OCStructInit                         0x080021a7   Thumb Code    20  stm32f10x_tim.o(i.TIM_OCStructInit)
    TIM_TimeBaseInit                         0x080021bd   Thumb Code   122  stm32f10x_tim.o(i.TIM_TimeBaseInit)
    TIM_TimeBaseStructInit                   0x08002261   Thumb Code    18  stm32f10x_tim.o(i.TIM_TimeBaseStructInit)
    Timer_Init                               0x08002275   Thumb Code   118  timer.o(i.Timer_Init)
    Timer_reset                              0x080022f1   Thumb Code     8  timer.o(i.Timer_reset)
    UsageFault_Handler                       0x080022fd   Thumb Code     4  stm32f10x_it.o(i.UsageFault_Handler)
    check_LED_Status                         0x08002301   Thumb Code   266  led.o(i.check_LED_Status)
    main                                     0x08002429   Thumb Code    34  main.o(i.main)
    rand_get                                 0x0800244b   Thumb Code    20  rand.o(i.rand_get)
    ws2812b_H3_SendRGB                       0x08002461   Thumb Code    18  ws2812b.o(i.ws2812b_H3_SendRGB)
    ws2812b_H4_SendRGB                       0x08002479   Thumb Code    18  ws2812b.o(i.ws2812b_H4_SendRGB)
    ws2812b_H6_SendRGB                       0x08002491   Thumb Code    18  ws2812b.o(i.ws2812b_H6_SendRGB)
    ws2812b_H7_SendRGB                       0x080024a9   Thumb Code    18  ws2812b.o(i.ws2812b_H7_SendRGB)
    ws2812b_H8_SendRGB                       0x080024c1   Thumb Code    18  ws2812b.o(i.ws2812b_H8_SendRGB)
    ws2812b_Init                             0x080024d9   Thumb Code   678  ws2812b.o(i.ws2812b_Init)
    ws2812b_IsReady                          0x080027a5   Thumb Code    44  ws2812b.o(i.ws2812b_IsReady)
    ws2812b_SW1_SendRGB                      0x080027e9   Thumb Code    18  ws2812b.o(i.ws2812b_SW1_SendRGB)
    TARGET_STRIKING                          0x08002915   Data        1024  led.o(.constdata)
    TARGET_STRUCK_ring2                      0x08002d15   Data        1024  led.o(.constdata)
    TARGET_STRUCK_ring4                      0x08003115   Data        1024  led.o(.constdata)
    TARGET_STRUCK_ring6                      0x08003515   Data        1024  led.o(.constdata)
    TARGET_STRUCK_ring8                      0x08003915   Data        1024  led.o(.constdata)
    TARGET_STRUCK_ring10                     0x08003d15   Data        1024  led.o(.constdata)
    RECTANGLE_ARROWS                         0x08004115   Data         256  led.o(.constdata)
    Region$$Table$$Base                      0x0800421c   Number         0  anon$$obj.o(Region$$Table)
    Region$$Table$$Limit                     0x0800423c   Number         0  anon$$obj.o(Region$$Table)
    SystemCoreClock                          0x20000000   Data           4  system_stm32f10x.o(.data)
    AHBPrescTable                            0x20000004   Data          16  system_stm32f10x.o(.data)
    systime_ms                               0x20000014   Data           4  timer.o(.data)
    overflow_count                           0x20000018   Data           2  timer.o(.data)
    cnt                                      0x2000001a   Data           2  timer.o(.data)
    debug                                    0x20000040   Data           1  led.o(.data)
    timeout                                  0x20000041   Data           1  led.o(.data)
    refresh_rectangle                        0x20000042   Data           1  led.o(.data)
    leaf_ring_value                          0x20000043   Data           5  led.o(.data)
    leafmode                                 0x20000049   Data           5  led.o(.data)
    current_color                            0x2000004e   Data           3  led.o(.data)
    LED_State                                0x20000051   Data           1  led.o(.data)
    currentLeafStruck                        0x20000052   Data           1  led.o(.data)
    current_striking_leaf                    0x20000053   Data           1  led.o(.data)
    total_struck                             0x20000054   Data           1  led.o(.data)
    timerOFFSET                              0x2000005e   Data           1  infrared.o(.data)
    IR_Time                                  0x20000060   Data           2  infrared.o(.data)
    IR_State                                 0x20000062   Data           1  infrared.o(.data)
    IR_Data                                  0x20000063   Data           4  infrared.o(.data)
    IR_pData                                 0x20000067   Data           1  infrared.o(.data)
    IR_DataFlag                              0x20000068   Data           1  infrared.o(.data)
    IR_RepeatFlag                            0x20000069   Data           1  infrared.o(.data)
    IR_Address                               0x2000006a   Data           1  infrared.o(.data)
    IR_Command                               0x2000006b   Data           1  infrared.o(.data)
    IR_AntiAddress                           0x2000006c   Data           1  infrared.o(.data)
    IR_AntiCommand                           0x2000006d   Data           1  infrared.o(.data)
    _random_number_data                      0x20001f04   Data         228  rand.o(.bss)
    __libspace_start                         0x20001fe8   Data          96  libspace.o(.bss)
    __temporary_stack_top$libspace           0x20002048   Data           0  libspace.o(.bss)



==============================================================================

Memory Map of the image

  Image Entry point : 0x080000ed

  Load Region LR_IROM1 (Base: 0x08000000, Size: 0x000042ac, Max: 0x00010000, ABSOLUTE)

    Execution Region ER_IROM1 (Exec base: 0x08000000, Load base: 0x08000000, Size: 0x0000423c, Max: 0x00010000, ABSOLUTE)

    Exec Addr    Load Addr    Size         Type   Attr      Idx    E Section Name        Object

    0x08000000   0x08000000   0x000000ec   Data   RO            3    RESET               startup_stm32f10x_md.o
    0x080000ec   0x080000ec   0x00000008   Code   RO         3772  * !!!main             c_w.l(__main.o)
    0x080000f4   0x080000f4   0x00000034   Code   RO         3933    !!!scatter          c_w.l(__scatter.o)
    0x08000128   0x08000128   0x0000001a   Code   RO         3935    !!handler_copy      c_w.l(__scatter_copy.o)
    0x08000142   0x08000142   0x00000002   PAD
    0x08000144   0x08000144   0x0000001c   Code   RO         3937    !!handler_zi        c_w.l(__scatter_zi.o)
    0x08000160   0x08000160   0x00000002   Code   RO         3854    .ARM.Collect$$libinit$$00000000  c_w.l(libinit.o)
    0x08000162   0x08000162   0x00000000   Code   RO         3778    .ARM.Collect$$libinit$$00000002  c_w.l(libinit2.o)
    0x08000162   0x08000162   0x00000000   Code   RO         3780    .ARM.Collect$$libinit$$00000004  c_w.l(libinit2.o)
    0x08000162   0x08000162   0x00000000   Code   RO         3783    .ARM.Collect$$libinit$$0000000A  c_w.l(libinit2.o)
    0x08000162   0x08000162   0x00000000   Code   RO         3785    .ARM.Collect$$libinit$$0000000C  c_w.l(libinit2.o)
    0x08000162   0x08000162   0x00000004   Code   RO         3786    .ARM.Collect$$libinit$$0000000D  c_w.l(libinit2.o)
    0x08000166   0x08000166   0x00000000   Code   RO         3787    .ARM.Collect$$libinit$$0000000E  c_w.l(libinit2.o)
    0x08000166   0x08000166   0x00000000   Code   RO         3790    .ARM.Collect$$libinit$$00000011  c_w.l(libinit2.o)
    0x08000166   0x08000166   0x00000000   Code   RO         3792    .ARM.Collect$$libinit$$00000013  c_w.l(libinit2.o)
    0x08000166   0x08000166   0x00000000   Code   RO         3794    .ARM.Collect$$libinit$$00000015  c_w.l(libinit2.o)
    0x08000166   0x08000166   0x00000000   Code   RO         3796    .ARM.Collect$$libinit$$00000017  c_w.l(libinit2.o)
    0x08000166   0x08000166   0x00000000   Code   RO         3798    .ARM.Collect$$libinit$$00000019  c_w.l(libinit2.o)
    0x08000166   0x08000166   0x00000000   Code   RO         3800    .ARM.Collect$$libinit$$0000001B  c_w.l(libinit2.o)
    0x08000166   0x08000166   0x00000000   Code   RO         3802    .ARM.Collect$$libinit$$0000001D  c_w.l(libinit2.o)
    0x08000166   0x08000166   0x00000000   Code   RO         3804    .ARM.Collect$$libinit$$0000001F  c_w.l(libinit2.o)
    0x08000166   0x08000166   0x00000000   Code   RO         3806    .ARM.Collect$$libinit$$00000021  c_w.l(libinit2.o)
    0x08000166   0x08000166   0x00000000   Code   RO         3808    .ARM.Collect$$libinit$$00000023  c_w.l(libinit2.o)
    0x08000166   0x08000166   0x00000000   Code   RO         3810    .ARM.Collect$$libinit$$00000025  c_w.l(libinit2.o)
    0x08000166   0x08000166   0x00000000   Code   RO         3814    .ARM.Collect$$libinit$$0000002C  c_w.l(libinit2.o)
    0x08000166   0x08000166   0x00000000   Code   RO         3816    .ARM.Collect$$libinit$$0000002E  c_w.l(libinit2.o)
    0x08000166   0x08000166   0x00000000   Code   RO         3818    .ARM.Collect$$libinit$$00000030  c_w.l(libinit2.o)
    0x08000166   0x08000166   0x00000000   Code   RO         3820    .ARM.Collect$$libinit$$00000032  c_w.l(libinit2.o)
    0x08000166   0x08000166   0x00000002   Code   RO         3821    .ARM.Collect$$libinit$$00000033  c_w.l(libinit2.o)
    0x08000168   0x08000168   0x00000002   Code   RO         3892    .ARM.Collect$$libshutdown$$00000000  c_w.l(libshutdown.o)
    0x0800016a   0x0800016a   0x00000000   Code   RO         3898    .ARM.Collect$$libshutdown$$00000002  c_w.l(libshutdown2.o)
    0x0800016a   0x0800016a   0x00000000   Code   RO         3900    .ARM.Collect$$libshutdown$$00000004  c_w.l(libshutdown2.o)
    0x0800016a   0x0800016a   0x00000000   Code   RO         3902    .ARM.Collect$$libshutdown$$00000006  c_w.l(libshutdown2.o)
    0x0800016a   0x0800016a   0x00000000   Code   RO         3905    .ARM.Collect$$libshutdown$$00000009  c_w.l(libshutdown2.o)
    0x0800016a   0x0800016a   0x00000000   Code   RO         3908    .ARM.Collect$$libshutdown$$0000000C  c_w.l(libshutdown2.o)
    0x0800016a   0x0800016a   0x00000000   Code   RO         3910    .ARM.Collect$$libshutdown$$0000000E  c_w.l(libshutdown2.o)
    0x0800016a   0x0800016a   0x00000000   Code   RO         3913    .ARM.Collect$$libshutdown$$00000011  c_w.l(libshutdown2.o)
    0x0800016a   0x0800016a   0x00000002   Code   RO         3914    .ARM.Collect$$libshutdown$$00000012  c_w.l(libshutdown2.o)
    0x0800016c   0x0800016c   0x00000000   Code   RO         3774    .ARM.Collect$$rtentry$$00000000  c_w.l(__rtentry.o)
    0x0800016c   0x0800016c   0x00000000   Code   RO         3823    .ARM.Collect$$rtentry$$00000002  c_w.l(__rtentry2.o)
    0x0800016c   0x0800016c   0x00000006   Code   RO         3835    .ARM.Collect$$rtentry$$00000004  c_w.l(__rtentry4.o)
    0x08000172   0x08000172   0x00000000   Code   RO         3825    .ARM.Collect$$rtentry$$00000009  c_w.l(__rtentry2.o)
    0x08000172   0x08000172   0x00000004   Code   RO         3826    .ARM.Collect$$rtentry$$0000000A  c_w.l(__rtentry2.o)
    0x08000176   0x08000176   0x00000000   Code   RO         3828    .ARM.Collect$$rtentry$$0000000C  c_w.l(__rtentry2.o)
    0x08000176   0x08000176   0x00000008   Code   RO         3829    .ARM.Collect$$rtentry$$0000000D  c_w.l(__rtentry2.o)
    0x0800017e   0x0800017e   0x00000002   Code   RO         3860    .ARM.Collect$$rtexit$$00000000  c_w.l(rtexit.o)
    0x08000180   0x08000180   0x00000000   Code   RO         3872    .ARM.Collect$$rtexit$$00000002  c_w.l(rtexit2.o)
    0x08000180   0x08000180   0x00000004   Code   RO         3873    .ARM.Collect$$rtexit$$00000003  c_w.l(rtexit2.o)
    0x08000184   0x08000184   0x00000006   Code   RO         3874    .ARM.Collect$$rtexit$$00000004  c_w.l(rtexit2.o)
    0x0800018a   0x0800018a   0x00000002   PAD
    0x0800018c   0x0800018c   0x00000034   Code   RO         3763    .emb_text           c_w.l(rand.o)
    0x080001c0   0x080001c0   0x00000040   Code   RO            4    .text               startup_stm32f10x_md.o
    0x08000200   0x08000200   0x0000003c   Code   RO         3764    .text               c_w.l(rand.o)
    0x0800023c   0x0800023c   0x00000044   Code   RO         3768    .text               c_w.l(rt_memclr.o)
    0x08000280   0x08000280   0x00000006   Code   RO         3770    .text               c_w.l(heapauxi.o)
    0x08000286   0x08000286   0x0000004e   Code   RO         3775    .text               c_w.l(rt_memclr_w.o)
    0x080002d4   0x080002d4   0x0000004a   Code   RO         3841    .text               c_w.l(sys_stackheap_outer.o)
    0x0800031e   0x0800031e   0x00000012   Code   RO         3843    .text               c_w.l(exit.o)
    0x08000330   0x08000330   0x00000008   Code   RO         3857    .text               c_w.l(libspace.o)
    0x08000338   0x08000338   0x00000002   Code   RO         3868    .text               c_w.l(use_no_semi.o)
    0x0800033a   0x0800033a   0x00000000   Code   RO         3870    .text               c_w.l(indicate_semi.o)
    0x0800033a   0x0800033a   0x00000002   PAD
    0x0800033c   0x0800033c   0x0000000c   Code   RO         3884    .text               c_w.l(sys_exit.o)
    0x08000348   0x08000348   0x00000004   Code   RO         3305    i.BusFault_Handler  stm32f10x_it.o
    0x0800034c   0x0800034c   0x000000bc   Code   RO         3383    i.DMA1_CH1Send      ws2812b.o
    0x08000408   0x08000408   0x000000a8   Code   RO         3384    i.DMA1_CH1SendNext  ws2812b.o
    0x080004b0   0x080004b0   0x000000c8   Code   RO         3385    i.DMA1_CH2Send      ws2812b.o
    0x08000578   0x08000578   0x000000b4   Code   RO         3386    i.DMA1_CH2SendNext  ws2812b.o
    0x0800062c   0x0800062c   0x000000c0   Code   RO         3387    i.DMA1_CH3Send      ws2812b.o
    0x080006ec   0x080006ec   0x000000ac   Code   RO         3388    i.DMA1_CH3SendNext  ws2812b.o
    0x08000798   0x08000798   0x000000bc   Code   RO         3389    i.DMA1_CH5Send      ws2812b.o
    0x08000854   0x08000854   0x000000a8   Code   RO         3390    i.DMA1_CH5SendNext  ws2812b.o
    0x080008fc   0x080008fc   0x000000c0   Code   RO         3391    i.DMA1_CH6Send      ws2812b.o
    0x080009bc   0x080009bc   0x000000ac   Code   RO         3392    i.DMA1_CH6SendNext  ws2812b.o
    0x08000a68   0x08000a68   0x000000bc   Code   RO         3393    i.DMA1_CH7Send      ws2812b.o
    0x08000b24   0x08000b24   0x000000a8   Code   RO         3394    i.DMA1_CH7SendNext  ws2812b.o
    0x08000bcc   0x08000bcc   0x0000003c   Code   RO         3395    i.DMA1_Channel1_IRQHandler  ws2812b.o
    0x08000c08   0x08000c08   0x0000003c   Code   RO         3396    i.DMA1_Channel2_IRQHandler  ws2812b.o
    0x08000c44   0x08000c44   0x00000044   Code   RO         3397    i.DMA1_Channel3_IRQHandler  ws2812b.o
    0x08000c88   0x08000c88   0x00000044   Code   RO         3398    i.DMA1_Channel5_IRQHandler  ws2812b.o
    0x08000ccc   0x08000ccc   0x00000044   Code   RO         3399    i.DMA1_Channel6_IRQHandler  ws2812b.o
    0x08000d10   0x08000d10   0x00000044   Code   RO         3400    i.DMA1_Channel7_IRQHandler  ws2812b.o
    0x08000d54   0x08000d54   0x0000001c   Code   RO          910    i.DMA_ClearITPendingBit  stm32f10x_dma.o
    0x08000d70   0x08000d70   0x00000018   Code   RO          911    i.DMA_Cmd           stm32f10x_dma.o
    0x08000d88   0x08000d88   0x0000002c   Code   RO          915    i.DMA_GetITStatus   stm32f10x_dma.o
    0x08000db4   0x08000db4   0x00000012   Code   RO          916    i.DMA_ITConfig      stm32f10x_dma.o
    0x08000dc6   0x08000dc6   0x0000003c   Code   RO          917    i.DMA_Init          stm32f10x_dma.o
    0x08000e02   0x08000e02   0x00000004   Code   RO          918    i.DMA_SetCurrDataCounter  stm32f10x_dma.o
    0x08000e06   0x08000e06   0x0000001a   Code   RO          919    i.DMA_StructInit    stm32f10x_dma.o
    0x08000e20   0x08000e20   0x00000002   Code   RO         3306    i.DebugMon_Handler  stm32f10x_it.o
    0x08000e22   0x08000e22   0x00000018   Code   RO         3196    i.Delay_ms          delay.o
    0x08000e3a   0x08000e3a   0x0000002e   Code   RO         3198    i.Delay_us          delay.o
    0x08000e68   0x08000e68   0x000001d8   Code   RO         3684    i.EXTI3_IRQHandler  infrared.o
    0x08001040   0x08001040   0x00000074   Code   RO         3685    i.EXTI3_Init        infrared.o
    0x080010b4   0x080010b4   0x0000000c   Code   RO          985    i.EXTI_ClearITPendingBit  stm32f10x_exti.o
    0x080010c0   0x080010c0   0x00000028   Code   RO          989    i.EXTI_GetITStatus  stm32f10x_exti.o
    0x080010e8   0x080010e8   0x00000094   Code   RO          990    i.EXTI_Init         stm32f10x_exti.o
    0x0800117c   0x0800117c   0x00000040   Code   RO         1344    i.GPIO_EXTILineConfig  stm32f10x_gpio.o
    0x080011bc   0x080011bc   0x00000116   Code   RO         1347    i.GPIO_Init         stm32f10x_gpio.o
    0x080012d2   0x080012d2   0x00000012   Code   RO         1351    i.GPIO_ReadInputDataBit  stm32f10x_gpio.o
    0x080012e4   0x080012e4   0x00000010   Code   RO         1356    i.GPIO_StructInit   stm32f10x_gpio.o
    0x080012f4   0x080012f4   0x00000004   Code   RO         3307    i.HardFault_Handler  stm32f10x_it.o
    0x080012f8   0x080012f8   0x00000008   Code   RO         3692    i.IR_Init           infrared.o
    0x08001300   0x08001300   0x0000000c   Code   RO         3401    i.LEDGamma          ws2812b.o
    0x0800130c   0x0800130c   0x00000064   Code   RO         3607    i.LED_Init          led.o
    0x08001370   0x08001370   0x00000078   Code   RO         3608    i.LED_PackFrameData1  led.o
    0x080013e8   0x080013e8   0x00000078   Code   RO         3609    i.LED_PackFrameData2  led.o
    0x08001460   0x08001460   0x0000003c   Code   RO         3610    i.LED_PackLightALLData  led.o
    0x0800149c   0x0800149c   0x00000118   Code   RO         3611    i.LED_PackRectangleData  led.o
    0x080015b4   0x080015b4   0x00000078   Code   RO         3612    i.LED_PackStripData  led.o
    0x0800162c   0x0800162c   0x00000218   Code   RO         3613    i.LED_PackTargetData  led.o
    0x08001844   0x08001844   0x00000160   Code   RO         3614    i.LED_Update        led.o
    0x080019a4   0x080019a4   0x000000e8   Code   RO         3693    i.LED_set           infrared.o
    0x08001a8c   0x08001a8c   0x00000004   Code   RO         3308    i.MemManage_Handler  stm32f10x_it.o
    0x08001a90   0x08001a90   0x00000002   Code   RO         3309    i.NMI_Handler       stm32f10x_it.o
    0x08001a92   0x08001a92   0x00000002   PAD
    0x08001a94   0x08001a94   0x00000070   Code   RO          137    i.NVIC_Init         misc.o
    0x08001b04   0x08001b04   0x00000014   Code   RO          138    i.NVIC_PriorityGroupConfig  misc.o
    0x08001b18   0x08001b18   0x00000002   Code   RO         3310    i.PendSV_Handler    stm32f10x_it.o
    0x08001b1a   0x08001b1a   0x00000002   PAD
    0x08001b1c   0x08001b1c   0x00000020   Code   RO         1774    i.RCC_AHBPeriphClockCmd  stm32f10x_rcc.o
    0x08001b3c   0x08001b3c   0x00000020   Code   RO         1775    i.RCC_APB1PeriphClockCmd  stm32f10x_rcc.o
    0x08001b5c   0x08001b5c   0x00000020   Code   RO         1777    i.RCC_APB2PeriphClockCmd  stm32f10x_rcc.o
    0x08001b7c   0x08001b7c   0x00000070   Code   RO         3402    i.RGB2PWM           ws2812b.o
    0x08001bec   0x08001bec   0x00000002   Code   RO         3311    i.SVC_Handler       stm32f10x_it.o
    0x08001bee   0x08001bee   0x00000008   Code   RO           24    i.SetSysClock       system_stm32f10x.o
    0x08001bf6   0x08001bf6   0x00000002   PAD
    0x08001bf8   0x08001bf8   0x000000e0   Code   RO           25    i.SetSysClockTo72   system_stm32f10x.o
    0x08001cd8   0x08001cd8   0x00000028   Code   RO         3404    i.SrcFilterNull     ws2812b.o
    0x08001d00   0x08001d00   0x00000040   Code   RO         3405    i.SrcFilterRGB      ws2812b.o
    0x08001d40   0x08001d40   0x00000002   Code   RO         3312    i.SysTick_Handler   stm32f10x_it.o
    0x08001d42   0x08001d42   0x00000002   PAD
    0x08001d44   0x08001d44   0x00000060   Code   RO           27    i.SystemInit        system_stm32f10x.o
    0x08001da4   0x08001da4   0x0000002c   Code   RO         3220    i.TIM4_GetCounter   timer.o
    0x08001dd0   0x08001dd0   0x00000064   Code   RO         3221    i.TIM4_IRQHandler   timer.o
    0x08001e34   0x08001e34   0x00000020   Code   RO         3222    i.TIM4_StartCounter  timer.o
    0x08001e54   0x08001e54   0x00000006   Code   RO         2415    i.TIM_ClearFlag     stm32f10x_tim.o
    0x08001e5a   0x08001e5a   0x00000006   Code   RO         2416    i.TIM_ClearITPendingBit  stm32f10x_tim.o
    0x08001e60   0x08001e60   0x00000018   Code   RO         2421    i.TIM_Cmd           stm32f10x_tim.o
    0x08001e78   0x08001e78   0x0000001e   Code   RO         2423    i.TIM_CtrlPWMOutputs  stm32f10x_tim.o
    0x08001e96   0x08001e96   0x00000012   Code   RO         2424    i.TIM_DMACmd        stm32f10x_tim.o
    0x08001ea8   0x08001ea8   0x00000006   Code   RO         2440    i.TIM_GetCounter    stm32f10x_tim.o
    0x08001eae   0x08001eae   0x00000022   Code   RO         2442    i.TIM_GetITStatus   stm32f10x_tim.o
    0x08001ed0   0x08001ed0   0x00000012   Code   RO         2446    i.TIM_ITConfig      stm32f10x_tim.o
    0x08001ee2   0x08001ee2   0x0000000c   Code   RO         2448    i.TIM_InternalClockConfig  stm32f10x_tim.o
    0x08001eee   0x08001eee   0x00000002   PAD
    0x08001ef0   0x08001ef0   0x00000098   Code   RO         2450    i.TIM_OC1Init       stm32f10x_tim.o
    0x08001f88   0x08001f88   0x00000012   Code   RO         2453    i.TIM_OC1PreloadConfig  stm32f10x_tim.o
    0x08001f9a   0x08001f9a   0x00000002   PAD
    0x08001f9c   0x08001f9c   0x000000a4   Code   RO         2455    i.TIM_OC2Init       stm32f10x_tim.o
    0x08002040   0x08002040   0x0000001a   Code   RO         2458    i.TIM_OC2PreloadConfig  stm32f10x_tim.o
    0x0800205a   0x0800205a   0x00000002   PAD
    0x0800205c   0x0800205c   0x000000a0   Code   RO         2460    i.TIM_OC3Init       stm32f10x_tim.o
    0x080020fc   0x080020fc   0x00000012   Code   RO         2463    i.TIM_OC3PreloadConfig  stm32f10x_tim.o
    0x0800210e   0x0800210e   0x00000002   PAD
    0x08002110   0x08002110   0x0000007c   Code   RO         2465    i.TIM_OC4Init       stm32f10x_tim.o
    0x0800218c   0x0800218c   0x0000001a   Code   RO         2467    i.TIM_OC4PreloadConfig  stm32f10x_tim.o
    0x080021a6   0x080021a6   0x00000014   Code   RO         2468    i.TIM_OCStructInit  stm32f10x_tim.o
    0x080021ba   0x080021ba   0x00000002   PAD
    0x080021bc   0x080021bc   0x000000a4   Code   RO         2492    i.TIM_TimeBaseInit  stm32f10x_tim.o
    0x08002260   0x08002260   0x00000012   Code   RO         2493    i.TIM_TimeBaseStructInit  stm32f10x_tim.o
    0x08002272   0x08002272   0x00000002   PAD
    0x08002274   0x08002274   0x0000007c   Code   RO         3223    i.Timer_Init        timer.o
    0x080022f0   0x080022f0   0x0000000c   Code   RO         3224    i.Timer_reset       timer.o
    0x080022fc   0x080022fc   0x00000004   Code   RO         3313    i.UsageFault_Handler  stm32f10x_it.o
    0x08002300   0x08002300   0x00000128   Code   RO         3615    i.check_LED_Status  led.o
    0x08002428   0x08002428   0x00000022   Code   RO         3278    i.main              main.o
    0x0800244a   0x0800244a   0x00000014   Code   RO         3260    i.rand_get          rand.o
    0x0800245e   0x0800245e   0x00000002   PAD
    0x08002460   0x08002460   0x00000018   Code   RO         3407    i.ws2812b_H3_SendRGB  ws2812b.o
    0x08002478   0x08002478   0x00000018   Code   RO         3409    i.ws2812b_H4_SendRGB  ws2812b.o
    0x08002490   0x08002490   0x00000018   Code   RO         3411    i.ws2812b_H6_SendRGB  ws2812b.o
    0x080024a8   0x080024a8   0x00000018   Code   RO         3413    i.ws2812b_H7_SendRGB  ws2812b.o
    0x080024c0   0x080024c0   0x00000018   Code   RO         3415    i.ws2812b_H8_SendRGB  ws2812b.o
    0x080024d8   0x080024d8   0x000002cc   Code   RO         3416    i.ws2812b_Init      ws2812b.o
    0x080027a4   0x080027a4   0x00000044   Code   RO         3589    i.ws2812b_IsReady   ws2812b.o
    0x080027e8   0x080027e8   0x00000018   Code   RO         3418    i.ws2812b_SW1_SendRGB  ws2812b.o
    0x08002800   0x08002800   0x00000100   Data   RO         3420    .constdata          ws2812b.o
    0x08002900   0x08002900   0x00001915   Data   RO         3617    .constdata          led.o
    0x08004215   0x08004215   0x00000006   Data   RO         3694    .constdata          infrared.o
    0x0800421b   0x0800421b   0x00000001   PAD
    0x0800421c   0x0800421c   0x00000020   Data   RO         3931    Region$$Table       anon$$obj.o


    Execution Region RW_IRAM1 (Exec base: 0x20000000, Load base: 0x0800423c, Size: 0x00002648, Max: 0x00005000, ABSOLUTE)

    Exec Addr    Load Addr    Size         Type   Attr      Idx    E Section Name        Object

    0x20000000   0x0800423c   0x00000014   Data   RW           28    .data               system_stm32f10x.o
    0x20000014   0x08004250   0x00000008   Data   RW         3225    .data               timer.o
    0x2000001c   0x08004258   0x00000024   Data   RW         3421    .data               ws2812b.o
    0x20000040   0x0800427c   0x0000001d   Data   RW         3618    .data               led.o
    0x2000005d   0x08004299   0x00000001   PAD
    0x2000005e   0x0800429a   0x00000010   Data   RW         3695    .data               infrared.o
    0x2000006e   0x080042aa   0x00000002   PAD
    0x20000070        -       0x00000b40   Zero   RW         3419    .bss                ws2812b.o
    0x20000bb0        -       0x00001353   Zero   RW         3616    .bss                led.o
    0x20001f03   0x080042aa   0x00000001   PAD
    0x20001f04        -       0x000000e4   Zero   RW         3765    .bss                c_w.l(rand.o)
    0x20001fe8        -       0x00000060   Zero   RW         3858    .bss                c_w.l(libspace.o)
    0x20002048        -       0x00000200   Zero   RW            2    HEAP                startup_stm32f10x_md.o
    0x20002248        -       0x00000400   Zero   RW            1    STACK               startup_stm32f10x_md.o


==============================================================================

Image component sizes


      Code (inc. data)   RO Data    RW Data    ZI Data      Debug   Object Name

         0          0          0          0          0        528   bitmap.o
         0          0          0          0          0       4532   core_cm3.o
        70          0          0          0          0       1002   delay.o
       828         88          6         16          0       4431   infrared.o
      1984        216       6421         29       4947       9787   led.o
        34          0          0          0          0        475   main.o
       132         22          0          0          0     207259   misc.o
        20          0          0          0          0        527   rand.o
        64         26        236          0       1536        856   startup_stm32f10x_md.o
         0          0          0          0          0       1696   stm32f10x_adc.o
       204         18          0          0          0      15536   stm32f10x_dma.o
       200         18          0          0          0       4408   stm32f10x_exti.o
       376          4          0          0          0      12212   stm32f10x_gpio.o
        26          0          0          0          0       4082   stm32f10x_it.o
        96         18          0          0          0       1718   stm32f10x_rcc.o
      1044         92          0          0          0      33075   stm32f10x_tim.o
       328         28          0         20          0      41005   system_stm32f10x.o
       312         58          0          8          0       2847   timer.o
      3724        468        256         36       2880      21214   ws2812b.o

    ----------------------------------------------------------------------
      9464       1056       6952        112       9364     367190   Object Totals
         0          0         32          0          0          0   (incl. Generated)
        22          0          1          3          1          0   (incl. Padding)

    ----------------------------------------------------------------------

      Code (inc. data)   RO Data    RW Data    ZI Data      Debug   Library Member Name

         8          0          0          0          0         68   __main.o
         0          0          0          0          0          0   __rtentry.o
        12          0          0          0          0          0   __rtentry2.o
         6          0          0          0          0          0   __rtentry4.o
        52          8          0          0          0          0   __scatter.o
        26          0          0          0          0          0   __scatter_copy.o
        28          0          0          0          0          0   __scatter_zi.o
        18          0          0          0          0         80   exit.o
         6          0          0          0          0        152   heapauxi.o
         0          0          0          0          0          0   indicate_semi.o
         2          0          0          0          0          0   libinit.o
         6          0          0          0          0          0   libinit2.o
         2          0          0          0          0          0   libshutdown.o
         2          0          0          0          0          0   libshutdown2.o
         8          4          0          0         96         68   libspace.o
       112         18          0          0        228        160   rand.o
        68          0          0          0          0         68   rt_memclr.o
        78          0          0          0          0         80   rt_memclr_w.o
         2          0          0          0          0          0   rtexit.o
        10          0          0          0          0          0   rtexit2.o
        12          4          0          0          0         68   sys_exit.o
        74          0          0          0          0         80   sys_stackheap_outer.o
         2          0          0          0          0         68   use_no_semi.o

    ----------------------------------------------------------------------
       540         34          0          0        324        892   Library Totals
         6          0          0          0          0          0   (incl. Padding)

    ----------------------------------------------------------------------

      Code (inc. data)   RO Data    RW Data    ZI Data      Debug   Library Name

       534         34          0          0        324        892   c_w.l

    ----------------------------------------------------------------------
       540         34          0          0        324        892   Library Totals

    ----------------------------------------------------------------------

==============================================================================


      Code (inc. data)   RO Data    RW Data    ZI Data      Debug   

     10004       1090       6952        112       9688     362566   Grand Totals
     10004       1090       6952        112       9688     362566   ELF Image Totals
     10004       1090       6952        112          0          0   ROM Totals

==============================================================================

    Total RO  Size (Code + RO Data)                16956 (  16.56kB)
    Total RW  Size (RW Data + ZI Data)              9800 (   9.57kB)
    Total ROM Size (Code + RO Data + RW Data)      17068 (  16.67kB)

==============================================================================

